Component: ARM Compiler 5.06 update 5 (build 528) Tool: armlink [4d35e2]

==============================================================================

Section Cross References

    startup_stm32f407xx.o(STACK) refers (Special) to heapauxi.o(.text) for __use_two_region_memory
    startup_stm32f407xx.o(HEAP) refers (Special) to heapauxi.o(.text) for __use_two_region_memory
    startup_stm32f407xx.o(RESET) refers (Special) to heapauxi.o(.text) for __use_two_region_memory
    startup_stm32f407xx.o(RESET) refers to startup_stm32f407xx.o(STACK) for __initial_sp
    startup_stm32f407xx.o(RESET) refers to startup_stm32f407xx.o(.text) for Reset_Handler
    startup_stm32f407xx.o(RESET) refers to stm32f4xx_it.o(i.NMI_Handler) for NMI_Handler
    startup_stm32f407xx.o(RESET) refers to stm32f4xx_it.o(i.HardFault_Handler) for HardFault_Handler
    startup_stm32f407xx.o(RESET) refers to stm32f4xx_it.o(i.MemManage_Handler) for MemManage_Handler
    startup_stm32f407xx.o(RESET) refers to stm32f4xx_it.o(i.BusFault_Handler) for BusFault_Handler
    startup_stm32f407xx.o(RESET) refers to stm32f4xx_it.o(i.UsageFault_Handler) for UsageFault_Handler
    startup_stm32f407xx.o(RESET) refers to port.o(.emb_text) for SVC_Handler
    startup_stm32f407xx.o(RESET) refers to stm32f4xx_it.o(i.DebugMon_Handler) for DebugMon_Handler
    startup_stm32f407xx.o(RESET) refers to stm32f4xx_it.o(i.SysTick_Handler) for SysTick_Handler
    startup_stm32f407xx.o(RESET) refers to stm32f4xx_it.o(i.DMA1_Stream1_IRQHandler) for DMA1_Stream1_IRQHandler
    startup_stm32f407xx.o(RESET) refers to stm32f4xx_it.o(i.CAN1_RX0_IRQHandler) for CAN1_RX0_IRQHandler
    startup_stm32f407xx.o(RESET) refers to stm32f4xx_it.o(i.TIM1_BRK_TIM9_IRQHandler) for TIM1_BRK_TIM9_IRQHandler
    startup_stm32f407xx.o(RESET) refers to stm32f4xx_it.o(i.USART1_IRQHandler) for USART1_IRQHandler
    startup_stm32f407xx.o(RESET) refers to remote_control.o(i.USART3_IRQHandler) for USART3_IRQHandler
    startup_stm32f407xx.o(RESET) refers to stm32f4xx_it.o(i.DMA2_Stream7_IRQHandler) for DMA2_Stream7_IRQHandler
    startup_stm32f407xx.o(RESET) refers to stm32f4xx_it.o(i.USART6_IRQHandler) for USART6_IRQHandler
    startup_stm32f407xx.o(.text) refers (Special) to heapauxi.o(.text) for __use_two_region_memory
    startup_stm32f407xx.o(.text) refers to system_stm32f4xx.o(i.SystemInit) for SystemInit
    startup_stm32f407xx.o(.text) refers to __main.o(!!!main) for __main
    startup_stm32f407xx.o(.text) refers to startup_stm32f407xx.o(HEAP) for Heap_Mem
    startup_stm32f407xx.o(.text) refers to startup_stm32f407xx.o(STACK) for Stack_Mem
    main.o(i.Angle_Change) refers to dflt_clz.o(x$fpl$dflt) for __aeabi_i2d
    main.o(i.Angle_Change) refers to ddiv_clz.o(x$fpl$ddiv) for __aeabi_ddiv
    main.o(i.Angle_Change) refers to dmul_clz.o(x$fpl$dmul) for __aeabi_dmul
    main.o(i.Angle_Change) refers to d2f_clz.o(x$fpl$d2f) for __aeabi_d2f
    main.o(i.RC_change) refers to dflt_clz.o(x$fpl$dflt) for __aeabi_i2d
    main.o(i.RC_change) refers to ddiv_clz.o(x$fpl$ddiv) for __aeabi_ddiv
    main.o(i.RC_change) refers to dmul_clz.o(x$fpl$dmul) for __aeabi_dmul
    main.o(i.RC_change) refers to daddsub_clz.o(x$fpl$dadd) for __aeabi_dadd
    main.o(i.RC_change) refers to d2f_clz.o(x$fpl$d2f) for __aeabi_d2f
    main.o(i.RC_change) refers to daddsub_clz.o(x$fpl$dsub) for __aeabi_dsub
    main.o(i.SystemClock_Config) refers to rt_memclr_w.o(.text) for __aeabi_memclr4
    main.o(i.SystemClock_Config) refers to stm32f4xx_hal_rcc.o(i.HAL_RCC_OscConfig) for HAL_RCC_OscConfig
    main.o(i.SystemClock_Config) refers to stm32f4xx_hal_rcc.o(i.HAL_RCC_ClockConfig) for HAL_RCC_ClockConfig
    main.o(i.green_led_task) refers to main.o(.data) for .data
    main.o(i.main) refers to stm32f4xx_hal.o(i.HAL_Init) for HAL_Init
    main.o(i.main) refers to main.o(i.SystemClock_Config) for SystemClock_Config
    main.o(i.main) refers to gpio.o(i.MX_GPIO_Init) for MX_GPIO_Init
    main.o(i.main) refers to dma.o(i.MX_DMA_Init) for MX_DMA_Init
    main.o(i.main) refers to can.o(i.MX_CAN1_Init) for MX_CAN1_Init
    main.o(i.main) refers to can.o(i.MX_CAN2_Init) for MX_CAN2_Init
    main.o(i.main) refers to usart.o(i.MX_USART1_UART_Init) for MX_USART1_UART_Init
    main.o(i.main) refers to usart.o(i.MX_USART6_UART_Init) for MX_USART6_UART_Init
    main.o(i.main) refers to usart.o(i.MX_USART3_UART_Init) for MX_USART3_UART_Init
    main.o(i.main) refers to tim.o(i.MX_TIM9_Init) for MX_TIM9_Init
    main.o(i.main) refers to bsp_can.o(i.can_filter_init) for can_filter_init
    main.o(i.main) refers to remote_control.o(i.remote_control_init) for remote_control_init
    main.o(i.main) refers to stm32f4xx_hal_gpio.o(i.HAL_GPIO_WritePin) for HAL_GPIO_WritePin
    main.o(i.main) refers to stm32f4xx_hal_tim.o(i.HAL_TIM_Base_Start) for HAL_TIM_Base_Start
    main.o(i.main) refers to stm32f4xx_hal_tim.o(i.HAL_TIM_Base_Start_IT) for HAL_TIM_Base_Start_IT
    main.o(i.main) refers to stm32f4xx_hal.o(i.HAL_Delay) for HAL_Delay
[...]
    i.UART_DMAAbortOnError                   0x08002a52   Section        0  stm32f4xx_hal_uart.o(i.UART_DMAAbortOnError)
    UART_DMAAbortOnError                     0x08002a53   Thumb Code    16  stm32f4xx_hal_uart.o(i.UART_DMAAbortOnError)
    i.UART_EndRxTransfer                     0x08002a62   Section        0  stm32f4xx_hal_uart.o(i.UART_EndRxTransfer)
    UART_EndRxTransfer                       0x08002a63   Thumb Code    78  stm32f4xx_hal_uart.o(i.UART_EndRxTransfer)
    i.UART_Receive_IT                        0x08002ab0   Section        0  stm32f4xx_hal_uart.o(i.UART_Receive_IT)
    UART_Receive_IT                          0x08002ab1   Thumb Code   194  stm32f4xx_hal_uart.o(i.UART_Receive_IT)
    i.UART_SetConfig                         0x08002b74   Section        0  stm32f4xx_hal_uart.o(i.UART_SetConfig)
    UART_SetConfig                           0x08002b75   Thumb Code   258  stm32f4xx_hal_uart.o(i.UART_SetConfig)
    i.USART1_IRQHandler                      0x08002c80   Section        0  stm32f4xx_it.o(i.USART1_IRQHandler)
    i.USART3_IRQHandler                      0x08002cb0   Section        0  remote_control.o(i.USART3_IRQHandler)
    i.USART6_IRQHandler                      0x08002d64   Section        0  stm32f4xx_it.o(i.USART6_IRQHandler)
    i.UsageFault_Handler                     0x08002d94   Section        0  stm32f4xx_it.o(i.UsageFault_Handler)
    i.__NVIC_SetPriority                     0x08002d96   Section        0  stm32f4xx_hal_cortex.o(i.__NVIC_SetPriority)
    __NVIC_SetPriority                       0x08002d97   Thumb Code    32  stm32f4xx_hal_cortex.o(i.__NVIC_SetPriority)
    i.abs_limit_1                            0x08002db6   Section        0  gimbal_task.o(i.abs_limit_1)
    i.bule_led_task                          0x08002dd8   Section        0  main.o(i.bule_led_task)
    i.can_filter_init                        0x08002ddc   Section        0  bsp_can.o(i.can_filter_init)
    i.get_pitch_gimbal_motor_measure_point   0x08002e34   Section        0  can_receive.o(i.get_pitch_gimbal_motor_measure_point)
    i.get_remote_control_point               0x08002e3c   Section        0  remote_control.o(i.get_remote_control_point)
    i.get_yaw_gimbal_motor_measure_point     0x08002e44   Section        0  can_receive.o(i.get_yaw_gimbal_motor_measure_point)
    i.gimbal_PID_calc                        0x08002e4c   Section        0  gimbal_task.o(i.gimbal_PID_calc)
    gimbal_PID_calc                          0x08002e4d   Thumb Code   138  gimbal_task.o(i.gimbal_PID_calc)
    i.gimbal_PID_clear                       0x08002ee4   Section        0  gimbal_task.o(i.gimbal_PID_clear)
    gimbal_PID_clear                         0x08002ee5   Thumb Code    38  gimbal_task.o(i.gimbal_PID_clear)
    i.gimbal_PID_init                        0x08002f10   Section        0  gimbal_task.o(i.gimbal_PID_init)
    gimbal_PID_init                          0x08002f11   Thumb Code    30  gimbal_task.o(i.gimbal_PID_init)
    i.gimbal_behaviour_control_set           0x08002f34   Section        0  gimbal_task.o(i.gimbal_behaviour_control_set)
    i.gimbal_behaviour_mode_set              0x08002fa8   Section        0  gimbal_task.o(i.gimbal_behaviour_mode_set)
    i.gimbal_behavour_set                    0x08002fd4   Section        0  gimbal_task.o(i.gimbal_behavour_set)
    gimbal_behavour_set                      0x08002fd5   Thumb Code   138  gimbal_task.o(i.gimbal_behavour_set)
    i.gimbal_feedback_update                 0x08003068   Section        0  gimbal_task.o(i.gimbal_feedback_update)
    gimbal_feedback_update                   0x08003069   Thumb Code   118  gimbal_task.o(i.gimbal_feedback_update)
    i.gimbal_init                            0x080030e0   Section        0  gimbal_task.o(i.gimbal_init)
    gimbal_init                              0x080030e1   Thumb Code   238  gimbal_task.o(i.gimbal_init)
    i.gimbal_mode_change_control_transit     0x080031e0   Section        0  gimbal_task.o(i.gimbal_mode_change_control_transit)
    gimbal_mode_change_control_transit       0x080031e1   Thumb Code   150  gimbal_task.o(i.gimbal_mode_change_control_transit)
    i.gimbal_motor_raw_angle_control         0x08003276   Section        0  gimbal_task.o(i.gimbal_motor_raw_angle_control)
    gimbal_motor_raw_angle_control           0x08003277   Thumb Code    26  gimbal_task.o(i.gimbal_motor_raw_angle_control)
    i.gimbal_motor_relative_angle_control    0x08003290   Section        0  gimbal_task.o(i.gimbal_motor_relative_angle_control)
    gimbal_motor_relative_angle_control      0x08003291   Thumb Code    64  gimbal_task.o(i.gimbal_motor_relative_angle_control)
    i.gimbal_relative_angle_control          0x080032d0   Section        0  gimbal_task.o(i.gimbal_relative_angle_control)
    gimbal_relative_angle_control            0x080032d1   Thumb Code   136  gimbal_task.o(i.gimbal_relative_angle_control)
    i.gimbal_relative_angle_limit            0x0800336c   Section        0  gimbal_task.o(i.gimbal_relative_angle_limit)
    gimbal_relative_angle_limit              0x0800336d   Thumb Code    50  gimbal_task.o(i.gimbal_relative_angle_limit)
    i.gimbal_task                            0x080033a0   Section        0  gimbal_task.o(i.gimbal_task)
    i.green_led_task                         0x08003488   Section        0  main.o(i.green_led_task)
    i.loop_fp32_constrain                    0x080034d4   Section        0  gimbal_task.o(i.loop_fp32_constrain)
    i.main                                   0x0800351c   Section        0  main.o(i.main)
    i.makeFreeRtosPriority                   0x08003598   Section        0  cmsis_os.o(i.makeFreeRtosPriority)
    makeFreeRtosPriority                     0x08003599   Thumb Code    12  cmsis_os.o(i.makeFreeRtosPriority)
    i.motor_ecd_to_angle_change              0x080035a4   Section        0  gimbal_task.o(i.motor_ecd_to_angle_change)
    motor_ecd_to_angle_change                0x080035a5   Thumb Code    46  gimbal_task.o(i.motor_ecd_to_angle_change)
    i.osDelay                                0x080035d8   Section        0  cmsis_os.o(i.osDelay)
    i.osKernelStart                          0x080035e6   Section        0  cmsis_os.o(i.osKernelStart)
    i.osThreadCreate                         0x080035f0   Section        0  cmsis_os.o(i.osThreadCreate)
    i.prvAddCurrentTaskToDelayedList         0x08003644   Section        0  tasks.o(i.prvAddCurrentTaskToDelayedList)
    prvAddCurrentTaskToDelayedList           0x08003645   Thumb Code   102  tasks.o(i.prvAddCurrentTaskToDelayedList)
    i.prvAddNewTaskToReadyList               0x080036b4   Section        0  tasks.o(i.prvAddNewTaskToReadyList)
    prvAddNewTaskToReadyList                 0x080036b5   Thumb Code   194  tasks.o(i.prvAddNewTaskToReadyList)
    i.prvDeleteTCB                           0x08003784   Section        0  tasks.o(i.prvDeleteTCB)
    prvDeleteTCB                             0x08003785   Thumb Code    52  tasks.o(i.prvDeleteTCB)
    i.prvHeapInit                            0x080037b8   Section        0  heap_4.o(i.prvHeapInit)
    prvHeapInit                              0x080037b9   Thumb Code    66  heap_4.o(i.prvHeapInit)
    i.prvIdleTask                            0x08003804   Section        0  tasks.o(i.prvIdleTask)
    prvIdleTask                              0x08003805   Thumb Code    82  tasks.o(i.prvIdleTask)
    i.prvInitialiseNewTask                   0x08003864   Section        0  tasks.o(i.prvInitialiseNewTask)
    prvInitialiseNewTask                     0x08003865   Thumb Code   152  tasks.o(i.prvInitialiseNewTask)
    i.prvInsertBlockIntoFreeList             0x080038fc   Section        0  heap_4.o(i.prvInsertBlockIntoFreeList)
    prvInsertBlockIntoFreeList               0x080038fd   Thumb Code    72  heap_4.o(i.prvInsertBlockIntoFreeList)
    i.prvResetNextTaskUnblockTime            0x08003948   Section        0  tasks.o(i.prvResetNextTaskUnblockTime)
    prvResetNextTaskUnblockTime              0x08003949   Thumb Code    26  tasks.o(i.prvResetNextTaskUnblockTime)
    i.prvTaskExitError                       0x08003968   Section        0  port.o(i.prvTaskExitError)
    prvTaskExitError                         0x08003969   Thumb Code    36  port.o(i.prvTaskExitError)
    i.pvPortMalloc                           0x08003990   Section        0  heap_4.o(i.pvPortMalloc)
    i.pxPortInitialiseStack                  0x08003a6c   Section        0  port.o(i.pxPortInitialiseStack)
    i.red_led_task                           0x08003a98   Section        0  main.o(i.red_led_task)
    i.remote_control_init                    0x08003a9c   Section        0  remote_control.o(i.remote_control_init)
    i.sbus_to_rc                             0x08003aac   Section        0  remote_control.o(i.sbus_to_rc)
    sbus_to_rc                               0x08003aad   Thumb Code   180  remote_control.o(i.sbus_to_rc)
    i.uxListRemove                           0x08003b60   Section        0  list.o(i.uxListRemove)
    i.vApplicationGetIdleTaskMemory          0x08003b88   Section        0  freertos.o(i.vApplicationGetIdleTaskMemory)
    i.vListInitialise                        0x08003b9c   Section        0  list.o(i.vListInitialise)
    i.vListInitialiseItem                    0x08003bb2   Section        0  list.o(i.vListInitialiseItem)
    i.vListInsert                            0x08003bb8   Section        0  list.o(i.vListInsert)
    i.vListInsertEnd                         0x08003be8   Section        0  list.o(i.vListInsertEnd)
    i.vPortEnterCritical                     0x08003c00   Section        0  port.o(i.vPortEnterCritical)
    i.vPortExitCritical                      0x08003c40   Section        0  port.o(i.vPortExitCritical)
    i.vPortFree                              0x08003c68   Section        0  heap_4.o(i.vPortFree)
    i.vPortSetupTimerInterrupt               0x08003ccc   Section        0  port.o(i.vPortSetupTimerInterrupt)
    i.vTaskDelay                             0x08003cf0   Section        0  tasks.o(i.vTaskDelay)
    i.vTaskStartScheduler                    0x08003d3c   Section        0  tasks.o(i.vTaskStartScheduler)
    i.vTaskSuspendAll                        0x08003da8   Section        0  tasks.o(i.vTaskSuspendAll)
    i.vTaskSwitchContext                     0x08003db8   Section        0  tasks.o(i.vTaskSwitchContext)
    i.xPortStartScheduler                    0x08003e14   Section        0  port.o(i.xPortStartScheduler)
    i.xPortSysTickHandler                    0x08003f08   Section        0  port.o(i.xPortSysTickHandler)
    i.xTaskCreate                            0x08003f34   Section        0  tasks.o(i.xTaskCreate)
    i.xTaskCreateStatic                      0x08003f8e   Section        0  tasks.o(i.xTaskCreateStatic)
    i.xTaskGetSchedulerState                 0x08003fe4   Section        0  tasks.o(i.xTaskGetSchedulerState)
    i.xTaskIncrementTick                     0x08004000   Section        0  tasks.o(i.xTaskIncrementTick)
    i.xTaskResumeAll                         0x080040cc   Section        0  tasks.o(i.xTaskResumeAll)
    x$fpl$fpinit                             0x08004190   Section       10  fpinit.o(x$fpl$fpinit)
    $v0                                      0x08004190   Number         0  fpinit.o(x$fpl$fpinit)
    .constdata                               0x0800419c   Section       12  main.o(.constdata)
    .constdata                               0x080041a8   Section      140  freertos.o(.constdata)
    .constdata                               0x08004234   Section        8  stm32f4xx_hal_dma.o(.constdata)
    flagBitshiftOffset                       0x08004234   Data           8  stm32f4xx_hal_dma.o(.constdata)
    .constdata                               0x0800423c   Section       16  system_stm32f4xx.o(.constdata)
    .constdata                               0x0800424c   Section        8  system_stm32f4xx.o(.constdata)
    .constdata                               0x08004254   Section     2052  arm_common_tables.o(.constdata)
    .conststring                             0x08004a58   Section       56  freertos.o(.conststring)
    .data                                    0x20000000   Section        4  main.o(.data)
    .data                                    0x20000004   Section       20  freertos.o(.data)
    .data                                    0x20000018   Section        4  can.o(.data)
    HAL_RCC_CAN1_CLK_ENABLED                 0x20000018   Data           4  can.o(.data)
    .data                                    0x2000001c   Section       12  stm32f4xx_hal.o(.data)
    .data                                    0x20000028   Section       17  can_receive.o(.data)
    i                                        0x20000028   Data           1  can_receive.o(.data)
    gimbal_can_send_data                     0x20000029   Data           8  can_receive.o(.data)
    chassis_can_send_data                    0x20000031   Data           8  can_receive.o(.data)
    .data                                    0x2000003a   Section        2  remote_control.o(.data)
    this_time_rx_len                         0x2000003a   Data           2  remote_control.o(.data)
    .data                                    0x2000003c   Section        4  system_stm32f4xx.o(.data)
    .data                                    0x20000040   Section       60  tasks.o(.data)
    uxDeletedTasksWaitingCleanUp             0x20000044   Data           4  tasks.o(.data)
    uxCurrentNumberOfTasks                   0x20000048   Data           4  tasks.o(.data)
    xTickCount                               0x2000004c   Data           4  tasks.o(.data)
    uxTopReadyPriority                       0x20000050   Data           4  tasks.o(.data)
    xSchedulerRunning                        0x20000054   Data           4  tasks.o(.data)
    xPendedTicks                             0x20000058   Data           4  tasks.o(.data)
    xYieldPending                            0x2000005c   Data           4  tasks.o(.data)
    xNumOfOverflows                          0x20000060   Data           4  tasks.o(.data)
    uxTaskNumber                             0x20000064   Data           4  tasks.o(.data)
    xNextTaskUnblockTime                     0x20000068   Data           4  tasks.o(.data)
    xIdleTaskHandle                          0x2000006c   Data           4  tasks.o(.data)
    uxSchedulerSuspended                     0x20000070   Data           4  tasks.o(.data)
    pxDelayedTaskList                        0x20000074   Data           4  tasks.o(.data)
    pxOverflowDelayedTaskList                0x20000078   Data           4  tasks.o(.data)
    .data                                    0x2000007c   Section       32  heap_4.o(.data)
    pxEnd                                    0x2000007c   Data           4  heap_4.o(.data)
    xFreeBytesRemaining                      0x20000080   Data           4  heap_4.o(.data)
    xMinimumEverFreeBytesRemaining           0x20000084   Data           4  heap_4.o(.data)
    xNumberOfSuccessfulAllocations           0x20000088   Data           4  heap_4.o(.data)
    xNumberOfSuccessfulFrees                 0x2000008c   Data           4  heap_4.o(.data)
    xBlockAllocatedBit                       0x20000090   Data           4  heap_4.o(.data)
    xStart                                   0x20000094   Data           8  heap_4.o(.data)
    .data                                    0x2000009c   Section       12  port.o(.data)
    ucMaxSysCallPriority                     0x2000009c   Data           1  port.o(.data)
    uxCriticalNesting                        0x200000a0   Data           4  port.o(.data)
    ulMaxPRIGROUPValue                       0x200000a4   Data           4  port.o(.data)
    .data                                    0x200000a8   Section       16  gimbal_task.o(.data)
    gimbal_behaviour                         0x200000a8   Data           1  gimbal_task.o(.data)
    last_gimbal_behaviour                    0x200000a9   Data           1  gimbal_task.o(.data)
    yaw_can_set_current                      0x200000aa   Data           2  gimbal_task.o(.data)
    pitch_can_set_current                    0x200000ac   Data           2  gimbal_task.o(.data)
    shoot_can_set_current                    0x200000ae   Data           2  gimbal_task.o(.data)
    init_time                                0x200000b0   Data           2  gimbal_task.o(.data)
    init_stop_time                           0x200000b2   Data           2  gimbal_task.o(.data)
    yaw_channel                              0x200000b4   Data           2  gimbal_task.o(.data)
    pitch_channel                            0x200000b6   Data           2  gimbal_task.o(.data)
    .bss                                     0x200000b8   Section      596  freertos.o(.bss)
    xIdleTaskTCBBuffer                       0x200000b8   Data          84  freertos.o(.bss)
    xIdleStack                               0x2000010c   Data         512  freertos.o(.bss)
    .bss                                     0x2000030c   Section       80  can.o(.bss)
    .bss                                     0x2000035c   Section       72  tim.o(.bss)
    .bss                                     0x200003a4   Section      408  usart.o(.bss)
    .bss                                     0x2000053c   Section      120  can_receive.o(.bss)
    motor_chassis                            0x2000053c   Data          70  can_receive.o(.bss)
    gimbal_tx_message                        0x20000584   Data          24  can_receive.o(.bss)
    chassis_tx_message                       0x2000059c   Data          24  can_receive.o(.bss)
    .bss                                     0x200005b4   Section       94  remote_control.o(.bss)
    sbus_rx_buf                              0x200005ca   Data          72  remote_control.o(.bss)
    .bss                                     0x20000614   Section      240  tasks.o(.bss)
    pxReadyTasksLists                        0x20000614   Data         140  tasks.o(.bss)
    xDelayedTaskList1                        0x200006a0   Data          20  tasks.o(.bss)
    xDelayedTaskList2                        0x200006b4   Data          20  tasks.o(.bss)
    xPendingReadyList                        0x200006c8   Data          20  tasks.o(.bss)
    xTasksWaitingTermination                 0x200006dc   Data          20  tasks.o(.bss)
    xSuspendedTaskList                       0x200006f0   Data          20  tasks.o(.bss)
    .bss                                     0x20000704   Section    15360  heap_4.o(.bss)
    ucHeap                                   0x20000704   Data       15360  heap_4.o(.bss)
    .bss                                     0x20004304   Section      496  gimbal_task.o(.bss)
    .bss                                     0x200044f4   Section       96  libspace.o(.bss)
    HEAP                                     0x20004558   Section      512  startup_stm32f407xx.o(HEAP)
    Heap_Mem                                 0x20004558   Data         512  startup_stm32f407xx.o(HEAP)
    STACK                                    0x20004758   Section     1024  startup_stm32f407xx.o(STACK)
    Stack_Mem                                0x20004758   Data        1024  startup_stm32f407xx.o(STACK)
    __initial_sp                             0x20004b58   Data           0  startup_stm32f407xx.o(STACK)

    Global Symbols

    Symbol Name                              Value     Ov Type        Size  Object(Section)

    BuildAttributes$$THM_ISAv4$E$P$D$K$B$S$7EM$VFPi3$EXTD16$VFPS$VFMA$PE$A:L22UL41UL21$X:L11$S22US41US21$IEEE1$IW$USESV6$~STKCKD$USESV7$~SHL$OTIME$ROPI$IEEEX$EBA8$UX$STANDARDLIB$REQ8$PRES8$EABIv2 0x00000000   Number         0  anon$$obj.o ABSOLUTE
    __ARM_use_no_argv                        0x00000000   Number         0  main.o ABSOLUTE
    __ARM_exceptions_init                     - Undefined Weak Reference
    __alloca_initialize                       - Undefined Weak Reference
    __arm_preinit_                            - Undefined Weak Reference
    __cpp_initialize__aeabi_                  - Undefined Weak Reference
    __cxa_finalize                            - Undefined Weak Reference
    __rt_locale                               - Undefined Weak Reference
    __sigvec_lookup                           - Undefined Weak Reference
    _atexit_init                              - Undefined Weak Reference
    _call_atexit_fns                          - Undefined Weak Reference
    _clock_init                               - Undefined Weak Reference
    _fp_trap_big                              - Undefined Weak Reference
    _fp_trap_init                             - Undefined Weak Reference
    _fp_trap_shutdown                         - Undefined Weak Reference
    _get_lc_collate                           - Undefined Weak Reference
    _get_lc_ctype                             - Undefined Weak Reference
    _get_lc_monetary                          - Undefined Weak Reference
    _get_lc_numeric                           - Undefined Weak Reference
    _get_lc_time                              - Undefined Weak Reference
    _getenv_init                              - Undefined Weak Reference
    _handle_redirection                       - Undefined Weak Reference
    _init_alloc                               - Undefined Weak Reference
    _init_user_alloc                          - Undefined Weak Reference
    _initio                                   - Undefined Weak Reference
    _rand_init                                - Undefined Weak Reference
    _signal_finish                            - Undefined Weak Reference
    _signal_init                              - Undefined Weak Reference
    _terminate_alloc                          - Undefined Weak Reference
    _terminate_user_alloc                     - Undefined Weak Reference
    _terminateio                              - Undefined Weak Reference
    __Vectors_Size                           0x00000188   Number         0  startup_stm32f407xx.o ABSOLUTE
    __Vectors                                0x08000000   Data           4  startup_stm32f407xx.o(RESET)
    __Vectors_End                            0x08000188   Data           0  startup_stm32f407xx.o(RESET)
    __main                                   0x08000189   Thumb Code     8  __main.o(!!!main)
    __scatterload                            0x08000191   Thumb Code     0  __scatter.o(!!!scatter)
    __scatterload_rt2                        0x08000191   Thumb Code    44  __scatter.o(!!!scatter)
    __scatterload_rt2_thumb_only             0x08000191   Thumb Code     0  __scatter.o(!!!scatter)
    __scatterload_null                       0x0800019f   Thumb Code     0  __scatter.o(!!!scatter)
    __scatterload_copy                       0x080001c5   Thumb Code    26  __scatter_copy.o(!!handler_copy)
    __scatterload_zeroinit                   0x080001e1   Thumb Code    28  __scatter_zi.o(!!handler_zi)
    __rt_lib_init                            0x080001fd   Thumb Code     0  libinit.o(.ARM.Collect$$libinit$$00000000)
    __rt_lib_init_fp_1                       0x080001ff   Thumb Code     0  libinit2.o(.ARM.Collect$$libinit$$00000001)
    __rt_lib_init_alloca_1                   0x08000203   Thumb Code     0  libinit2.o(.ARM.Collect$$libinit$$0000002E)
    __rt_lib_init_argv_1                     0x08000203   Thumb Code     0  libinit2.o(.ARM.Collect$$libinit$$0000002C)
    __rt_lib_init_atexit_1                   0x08000203   Thumb Code     0  libinit2.o(.ARM.Collect$$libinit$$0000001B)
    __rt_lib_init_clock_1                    0x08000203   Thumb Code     0  libinit2.o(.ARM.Collect$$libinit$$00000021)
    __rt_lib_init_cpp_1                      0x08000203   Thumb Code     0  libinit2.o(.ARM.Collect$$libinit$$00000032)
    __rt_lib_init_exceptions_1               0x08000203   Thumb Code     0  libinit2.o(.ARM.Collect$$libinit$$00000030)
    __rt_lib_init_fp_trap_1                  0x08000203   Thumb Code     0  libinit2.o(.ARM.Collect$$libinit$$0000001F)
    __rt_lib_init_getenv_1                   0x08000203   Thumb Code     0  libinit2.o(.ARM.Collect$$libinit$$00000023)
    __rt_lib_init_heap_1                     0x08000203   Thumb Code     0  libinit2.o(.ARM.Collect$$libinit$$0000000A)
    __rt_lib_init_lc_collate_1               0x08000203   Thumb Code     0  libinit2.o(.ARM.Collect$$libinit$$00000011)
    __rt_lib_init_lc_ctype_1                 0x08000203   Thumb Code     0  libinit2.o(.ARM.Collect$$libinit$$00000013)
    __rt_lib_init_lc_monetary_1              0x08000203   Thumb Code     0  libinit2.o(.ARM.Collect$$libinit$$00000015)
    __rt_lib_init_lc_numeric_1               0x08000203   Thumb Code     0  libinit2.o(.ARM.Collect$$libinit$$00000017)
    __rt_lib_init_lc_time_1                  0x08000203   Thumb Code     0  libinit2.o(.ARM.Collect$$libinit$$00000019)
    __rt_lib_init_preinit_1                  0x08000203   Thumb Code     0  libinit2.o(.ARM.Collect$$libinit$$00000004)
    __rt_lib_init_rand_1                     0x08000203   Thumb Code     0  libinit2.o(.ARM.Collect$$libinit$$0000000E)
    __rt_lib_init_return                     0x08000203   Thumb Code     0  libinit2.o(.ARM.Collect$$libinit$$00000033)
    __rt_lib_init_signal_1                   0x08000203   Thumb Code     0  libinit2.o(.ARM.Collect$$libinit$$0000001D)
    __rt_lib_init_stdio_1                    0x08000203   Thumb Code     0  libinit2.o(.ARM.Collect$$libinit$$00000025)
    __rt_lib_init_user_alloc_1               0x08000203   Thumb Code     0  libinit2.o(.ARM.Collect$$libinit$$0000000C)
    __rt_lib_shutdown                        0x08000205   Thumb Code     0  libshutdown.o(.ARM.Collect$$libshutdown$$00000000)
    __rt_lib_shutdown_cpp_1                  0x08000207   Thumb Code     0  libshutdown2.o(.ARM.Collect$$libshutdown$$00000002)
    __rt_lib_shutdown_fp_trap_1              0x08000207   Thumb Code     0  libshutdown2.o(.ARM.Collect$$libshutdown$$00000007)
    __rt_lib_shutdown_heap_1                 0x08000207   Thumb Code     0  libshutdown2.o(.ARM.Collect$$libshutdown$$0000000F)
    __rt_lib_shutdown_return                 0x08000207   Thumb Code     0  libshutdown2.o(.ARM.Collect$$libshutdown$$00000010)
    __rt_lib_shutdown_signal_1               0x08000207   Thumb Code     0  libshutdown2.o(.ARM.Collect$$libshutdown$$0000000A)
    __rt_lib_shutdown_stdio_1                0x08000207   Thumb Code     0  libshutdown2.o(.ARM.Collect$$libshutdown$$00000004)
    __rt_lib_shutdown_user_alloc_1           0x08000207   Thumb Code     0  libshutdown2.o(.ARM.Collect$$libshutdown$$0000000C)
    __rt_entry                               0x08000209   Thumb Code     0  __rtentry.o(.ARM.Collect$$rtentry$$00000000)
    __rt_entry_presh_1                       0x08000209   Thumb Code     0  __rtentry2.o(.ARM.Collect$$rtentry$$00000002)
    __rt_entry_sh                            0x08000209   Thumb Code     0  __rtentry4.o(.ARM.Collect$$rtentry$$00000004)
    __rt_entry_li                            0x0800020f   Thumb Code     0  __rtentry2.o(.ARM.Collect$$rtentry$$0000000A)
    __rt_entry_postsh_1                      0x0800020f   Thumb Code     0  __rtentry2.o(.ARM.Collect$$rtentry$$00000009)
    __rt_entry_main                          0x08000213   Thumb Code     0  __rtentry2.o(.ARM.Collect$$rtentry$$0000000D)
    __rt_entry_postli_1                      0x08000213   Thumb Code     0  __rtentry2.o(.ARM.Collect$$rtentry$$0000000C)
    __rt_exit                                0x0800021b   Thumb Code     0  rtexit.o(.ARM.Collect$$rtexit$$00000000)
    __rt_exit_ls                             0x0800021d   Thumb Code     0  rtexit2.o(.ARM.Collect$$rtexit$$00000003)
    __rt_exit_prels_1                        0x0800021d   Thumb Code     0  rtexit2.o(.ARM.Collect$$rtexit$$00000002)
    __rt_exit_exit                           0x08000221   Thumb Code     0  rtexit2.o(.ARM.Collect$$rtexit$$00000004)
    SVC_Handler                              0x08000229   Thumb Code    28  port.o(.emb_text)
    __asm___6_port_c_39a90d8d__prvStartFirstTask 0x08000249   Thumb Code    36  port.o(.emb_text)
    __asm___6_port_c_39a90d8d__prvEnableVFP  0x08000271   Thumb Code    16  port.o(.emb_text)
    PendSV_Handler                           0x08000285   Thumb Code    88  port.o(.emb_text)
    vPortGetIPSR                             0x080002e1   Thumb Code     6  port.o(.emb_text)
    Reset_Handler                            0x080002e9   Thumb Code     8  startup_stm32f407xx.o(.text)
    ADC_IRQHandler                           0x08000303   Thumb Code     0  startup_stm32f407xx.o(.text)
    CAN1_RX1_IRQHandler                      0x08000303   Thumb Code     0  startup_stm32f407xx.o(.text)
    CAN1_SCE_IRQHandler                      0x08000303   Thumb Code     0  startup_stm32f407xx.o(.text)
    CAN1_TX_IRQHandler                       0x08000303   Thumb Code     0  startup_stm32f407xx.o(.text)
    CAN2_RX0_IRQHandler                      0x08000303   Thumb Code     0  startup_stm32f407xx.o(.text)
    CAN2_RX1_IRQHandler                      0x08000303   Thumb Code     0  startup_stm32f407xx.o(.text)
    CAN2_SCE_IRQHandler                      0x08000303   Thumb Code     0  startup_stm32f407xx.o(.text)
    CAN2_TX_IRQHandler                       0x08000303   Thumb Code     0  startup_stm32f407xx.o(.text)
    DCMI_IRQHandler                          0x08000303   Thumb Code     0  startup_stm32f407xx.o(.text)
    DMA1_Stream0_IRQHandler                  0x08000303   Thumb Code     0  startup_stm32f407xx.o(.text)
    DMA1_Stream2_IRQHandler                  0x08000303   Thumb Code     0  startup_stm32f407xx.o(.text)
    DMA1_Stream3_IRQHandler                  0x08000303   Thumb Code     0  startup_stm32f407xx.o(.text)
    DMA1_Stream4_IRQHandler                  0x08000303   Thumb Code     0  startup_stm32f407xx.o(.text)
    DMA1_Stream5_IRQHandler                  0x08000303   Thumb Code     0  startup_stm32f407xx.o(.text)
    DMA1_Stream6_IRQHandler                  0x08000303   Thumb Code     0  startup_stm32f407xx.o(.text)
    DMA1_Stream7_IRQHandler                  0x08000303   Thumb Code     0  startup_stm32f407xx.o(.text)
    DMA2_Stream0_IRQHandler                  0x08000303   Thumb Code     0  startup_stm32f407xx.o(.text)
    DMA2_Stream1_IRQHandler                  0x08000303   Thumb Code     0  startup_stm32f407xx.o(.text)
    DMA2_Stream2_IRQHandler                  0x08000303   Thumb Code     0  startup_stm32f407xx.o(.text)
    DMA2_Stream3_IRQHandler                  0x08000303   Thumb Code     0  startup_stm32f407xx.o(.text)
    DMA2_Stream4_IRQHandler                  0x08000303   Thumb Code     0  startup_stm32f407xx.o(.text)
    DMA2_Stream5_IRQHandler                  0x08000303   Thumb Code     0  startup_stm32f407xx.o(.text)
    DMA2_Stream6_IRQHandler                  0x08000303   Thumb Code     0  startup_stm32f407xx.o(.text)
    ETH_IRQHandler                           0x08000303   Thumb Code     0  startup_stm32f407xx.o(.text)
    ETH_WKUP_IRQHandler                      0x08000303   Thumb Code     0  startup_stm32f407xx.o(.text)
    EXTI0_IRQHandler                         0x08000303   Thumb Code     0  startup_stm32f407xx.o(.text)
    EXTI15_10_IRQHandler                     0x08000303   Thumb Code     0  startup_stm32f407xx.o(.text)
    EXTI1_IRQHandler                         0x08000303   Thumb Code     0  startup_stm32f407xx.o(.text)
    EXTI2_IRQHandler                         0x08000303   Thumb Code     0  startup_stm32f407xx.o(.text)
    EXTI3_IRQHandler                         0x08000303   Thumb Code     0  startup_stm32f407xx.o(.text)
    EXTI4_IRQHandler                         0x08000303   Thumb Code     0  startup_stm32f407xx.o(.text)
    EXTI9_5_IRQHandler                       0x08000303   Thumb Code     0  startup_stm32f407xx.o(.text)
    FLASH_IRQHandler                         0x08000303   Thumb Code     0  startup_stm32f407xx.o(.text)
    FMC_IRQHandler                           0x08000303   Thumb Code     0  startup_stm32f407xx.o(.text)
    FPU_IRQHandler                           0x08000303   Thumb Code     0  startup_stm32f407xx.o(.text)
    HASH_RNG_IRQHandler                      0x08000303   Thumb Code     0  startup_stm32f407xx.o(.text)
    I2C1_ER_IRQHandler                       0x08000303   Thumb Code     0  startup_stm32f407xx.o(.text)
    I2C1_EV_IRQHandler                       0x08000303   Thumb Code     0  startup_stm32f407xx.o(.text)
    I2C2_ER_IRQHandler                       0x08000303   Thumb Code     0  startup_stm32f407xx.o(.text)
    I2C2_EV_IRQHandler                       0x08000303   Thumb Code     0  startup_stm32f407xx.o(.text)
    I2C3_ER_IRQHandler                       0x08000303   Thumb Code     0  startup_stm32f407xx.o(.text)
    I2C3_EV_IRQHandler                       0x08000303   Thumb Code     0  startup_stm32f407xx.o(.text)
    OTG_FS_IRQHandler                        0x08000303   Thumb Code     0  startup_stm32f407xx.o(.text)
    OTG_FS_WKUP_IRQHandler                   0x08000303   Thumb Code     0  startup_stm32f407xx.o(.text)
    OTG_HS_EP1_IN_IRQHandler                 0x08000303   Thumb Code     0  startup_stm32f407xx.o(.text)
    OTG_HS_EP1_OUT_IRQHandler                0x08000303   Thumb Code     0  startup_stm32f407xx.o(.text)
    OTG_HS_IRQHandler                        0x08000303   Thumb Code     0  startup_stm32f407xx.o(.text)
    OTG_HS_WKUP_IRQHandler                   0x08000303   Thumb Code     0  startup_stm32f407xx.o(.text)
    PVD_IRQHandler                           0x08000303   Thumb Code     0  startup_stm32f407xx.o(.text)
    RCC_IRQHandler                           0x08000303   Thumb Code     0  startup_stm32f407xx.o(.text)
    RTC_Alarm_IRQHandler                     0x08000303   Thumb Code     0  startup_stm32f407xx.o(.text)
    RTC_WKUP_IRQHandler                      0x08000303   Thumb Code     0  startup_stm32f407xx.o(.text)
    SDIO_IRQHandler                          0x08000303   Thumb Code     0  startup_stm32f407xx.o(.text)
    SPI1_IRQHandler                          0x08000303   Thumb Code     0  startup_stm32f407xx.o(.text)
    SPI2_IRQHandler                          0x08000303   Thumb Code     0  startup_stm32f407xx.o(.text)
    SPI3_IRQHandler                          0x08000303   Thumb Code     0  startup_stm32f407xx.o(.text)
    TAMP_STAMP_IRQHandler                    0x08000303   Thumb Code     0  startup_stm32f407xx.o(.text)
    TIM1_CC_IRQHandler                       0x08000303   Thumb Code     0  startup_stm32f407xx.o(.text)
    TIM1_TRG_COM_TIM11_IRQHandler            0x08000303   Thumb Code     0  startup_stm32f407xx.o(.text)
    TIM1_UP_TIM10_IRQHandler                 0x08000303   Thumb Code     0  startup_stm32f407xx.o(.text)
    TIM2_IRQHandler                          0x08000303   Thumb Code     0  startup_stm32f407xx.o(.text)
    TIM3_IRQHandler                          0x08000303   Thumb Code     0  startup_stm32f407xx.o(.text)
    TIM4_IRQHandler                          0x08000303   Thumb Code     0  startup_stm32f407xx.o(.text)
    TIM5_IRQHandler                          0x08000303   Thumb Code     0  startup_stm32f407xx.o(.text)
    TIM6_DAC_IRQHandler                      0x08000303   Thumb Code     0  startup_stm32f407xx.o(.text)
    TIM7_IRQHandler                          0x08000303   Thumb Code     0  startup_stm32f407xx.o(.text)
    TIM8_BRK_TIM12_IRQHandler                0x08000303   Thumb Code     0  startup_stm32f407xx.o(.text)
    TIM8_CC_IRQHandler                       0x08000303   Thumb Code     0  startup_stm32f407xx.o(.text)
    TIM8_TRG_COM_TIM14_IRQHandler            0x08000303   Thumb Code     0  startup_stm32f407xx.o(.text)
    TIM8_UP_TIM13_IRQHandler                 0x08000303   Thumb Code     0  startup_stm32f407xx.o(.text)
    UART4_IRQHandler                         0x08000303   Thumb Code     0  startup_stm32f407xx.o(.text)
    UART5_IRQHandler                         0x08000303   Thumb Code     0  startup_stm32f407xx.o(.text)
    USART2_IRQHandler                        0x08000303   Thumb Code     0  startup_stm32f407xx.o(.text)
    WWDG_IRQHandler                          0x08000303   Thumb Code     0  startup_stm32f407xx.o(.text)
    __user_initial_stackheap                 0x08000305   Thumb Code     0  startup_stm32f407xx.o(.text)
    arm_cos_f32                              0x08000329   Thumb Code   108  arm_cos_f32.o(.text)
    arm_sin_f32                              0x080003a1   Thumb Code   104  arm_sin_f32.o(.text)
    __aeabi_uldivmod                         0x08000415   Thumb Code     0  lludivv7m.o(.text)
    _ll_udiv                                 0x08000415   Thumb Code   238  lludivv7m.o(.text)
    __aeabi_memcpy4                          0x08000503   Thumb Code     0  rt_memcpy_w.o(.text)
    __aeabi_memcpy8                          0x08000503   Thumb Code     0  rt_memcpy_w.o(.text)
    __rt_memcpy_w                            0x08000503   Thumb Code   100  rt_memcpy_w.o(.text)
    _memcpy_lastbytes_aligned                0x0800054b   Thumb Code     0  rt_memcpy_w.o(.text)
    __aeabi_memclr4                          0x08000567   Thumb Code     0  rt_memclr_w.o(.text)
    __aeabi_memclr8                          0x08000567   Thumb Code     0  rt_memclr_w.o(.text)
    __rt_memclr_w                            0x08000567   Thumb Code    78  rt_memclr_w.o(.text)
    _memset_w                                0x0800056b   Thumb Code     0  rt_memclr_w.o(.text)
    __use_two_region_memory                  0x080005b5   Thumb Code     2  heapauxi.o(.text)
    __rt_heap_escrow$2region                 0x080005b7   Thumb Code     2  heapauxi.o(.text)
    __rt_heap_expand$2region                 0x080005b9   Thumb Code     2  heapauxi.o(.text)
    __user_libspace                          0x080005bd   Thumb Code     8  libspace.o(.text)
    __user_perproc_libspace                  0x080005bd   Thumb Code     0  libspace.o(.text)
    __user_perthread_libspace                0x080005bd   Thumb Code     0  libspace.o(.text)
    __user_setup_stackheap                   0x080005c5   Thumb Code    74  sys_stackheap_outer.o(.text)
    exit                                     0x0800060f   Thumb Code    18  exit.o(.text)
    _sys_exit                                0x08000621   Thumb Code     8  sys_exit.o(.text)
    __I$use$semihosting                      0x0800062d   Thumb Code     0  use_no_semi.o(.text)
    __use_no_semihosting_swi                 0x0800062d   Thumb Code     2  use_no_semi.o(.text)
    BusFault_Handler                         0x0800062f   Thumb Code     2  stm32f4xx_it.o(i.BusFault_Handler)
    __semihosting_library_function           0x0800062f   Thumb Code     0  indicate_semi.o(.text)
    CAN1_RX0_IRQHandler                      0x08000631   Thumb Code     6  stm32f4xx_it.o(i.CAN1_RX0_IRQHandler)
    CAN_cmd_gimbal                           0x0800063d   Thumb Code    60  can_receive.o(i.CAN_cmd_gimbal)
    DMA1_Stream1_IRQHandler                  0x08000685   Thumb Code     6  stm32f4xx_it.o(i.DMA1_Stream1_IRQHandler)
    DMA2_Stream7_IRQHandler                  0x08000691   Thumb Code     6  stm32f4xx_it.o(i.DMA2_Stream7_IRQHandler)
    DebugMon_Handler                         0x08000719   Thumb Code     2  stm32f4xx_it.o(i.DebugMon_Handler)
    Error_Handler                            0x0800071b   Thumb Code     4  main.o(i.Error_Handler)
    HAL_CAN_ActivateNotification             0x0800071f   Thumb Code    36  stm32f4xx_hal_can.o(i.HAL_CAN_ActivateNotification)
    HAL_CAN_AddTxMessage                     0x08000743   Thumb Code   188  stm32f4xx_hal_can.o(i.HAL_CAN_AddTxMessage)
    HAL_CAN_ConfigFilter                     0x08000801   Thumb Code   262  stm32f4xx_hal_can.o(i.HAL_CAN_ConfigFilter)
    HAL_CAN_ErrorCallback                    0x0800090d   Thumb Code     2  stm32f4xx_hal_can.o(i.HAL_CAN_ErrorCallback)
    HAL_CAN_GetRxMessage                     0x0800090f   Thumb Code   244  stm32f4xx_hal_can.o(i.HAL_CAN_GetRxMessage)
    HAL_CAN_IRQHandler                       0x08000a03   Thumb Code   508  stm32f4xx_hal_can.o(i.HAL_CAN_IRQHandler)
    HAL_CAN_Init                             0x08000bff   Thumb Code   282  stm32f4xx_hal_can.o(i.HAL_CAN_Init)
    HAL_CAN_MspInit                          0x08000d19   Thumb Code   214  can.o(i.HAL_CAN_MspInit)
    HAL_CAN_RxFifo0FullCallback              0x08000e09   Thumb Code     2  stm32f4xx_hal_can.o(i.HAL_CAN_RxFifo0FullCallback)
    HAL_CAN_RxFifo0MsgPendingCallback        0x08000e0d   Thumb Code    82  can_receive.o(i.HAL_CAN_RxFifo0MsgPendingCallback)
    HAL_CAN_RxFifo1FullCallback              0x08000e69   Thumb Code     2  stm32f4xx_hal_can.o(i.HAL_CAN_RxFifo1FullCallback)
    HAL_CAN_RxFifo1MsgPendingCallback        0x08000e6b   Thumb Code     2  stm32f4xx_hal_can.o(i.HAL_CAN_RxFifo1MsgPendingCallback)
    HAL_CAN_SleepCallback                    0x08000e6d   Thumb Code     2  stm32f4xx_hal_can.o(i.HAL_CAN_SleepCallback)
    HAL_CAN_Start                            0x08000e71   Thumb Code    88  stm32f4xx_hal_can.o(i.HAL_CAN_Start)
    HAL_CAN_TxMailbox0AbortCallback          0x08000ec9   Thumb Code     2  stm32f4xx_hal_can.o(i.HAL_CAN_TxMailbox0AbortCallback)
    HAL_CAN_TxMailbox0CompleteCallback       0x08000ecb   Thumb Code     2  stm32f4xx_hal_can.o(i.HAL_CAN_TxMailbox0CompleteCallback)
    HAL_CAN_TxMailbox1AbortCallback          0x08000ecd   Thumb Code     2  stm32f4xx_hal_can.o(i.HAL_CAN_TxMailbox1AbortCallback)
    HAL_CAN_TxMailbox1CompleteCallback       0x08000ecf   Thumb Code     2  stm32f4xx_hal_can.o(i.HAL_CAN_TxMailbox1CompleteCallback)
    HAL_CAN_TxMailbox2AbortCallback          0x08000ed1   Thumb Code     2  stm32f4xx_hal_can.o(i.HAL_CAN_TxMailbox2AbortCallback)
    HAL_CAN_TxMailbox2CompleteCallback       0x08000ed3   Thumb Code     2  stm32f4xx_hal_can.o(i.HAL_CAN_TxMailbox2CompleteCallback)
    HAL_CAN_WakeUpFromRxMsgCallback          0x08000ed5   Thumb Code     2  stm32f4xx_hal_can.o(i.HAL_CAN_WakeUpFromRxMsgCallback)
    HAL_DMA_Abort                            0x08000ed7   Thumb Code   146  stm32f4xx_hal_dma.o(i.HAL_DMA_Abort)
    HAL_DMA_Abort_IT                         0x08000f69   Thumb Code    36  stm32f4xx_hal_dma.o(i.HAL_DMA_Abort_IT)
    HAL_DMA_IRQHandler                       0x08000f8d   Thumb Code   412  stm32f4xx_hal_dma.o(i.HAL_DMA_IRQHandler)
    HAL_DMA_Init                             0x0800112d   Thumb Code   206  stm32f4xx_hal_dma.o(i.HAL_DMA_Init)
    HAL_Delay                                0x08001201   Thumb Code    32  stm32f4xx_hal.o(i.HAL_Delay)
    HAL_GPIO_Init                            0x08001225   Thumb Code   450  stm32f4xx_hal_gpio.o(i.HAL_GPIO_Init)
    HAL_GPIO_WritePin                        0x08001415   Thumb Code    10  stm32f4xx_hal_gpio.o(i.HAL_GPIO_WritePin)
    HAL_GetTick                              0x08001421   Thumb Code     6  stm32f4xx_hal.o(i.HAL_GetTick)
    HAL_IncTick                              0x0800142d   Thumb Code    12  stm32f4xx_hal.o(i.HAL_IncTick)
    HAL_Init                                 0x0800143d   Thumb Code    48  stm32f4xx_hal.o(i.HAL_Init)
    HAL_InitTick                             0x08001471   Thumb Code    54  stm32f4xx_hal.o(i.HAL_InitTick)
    HAL_MspInit                              0x080014b1   Thumb Code    52  stm32f4xx_hal_msp.o(i.HAL_MspInit)
    HAL_NVIC_EnableIRQ                       0x080014e9   Thumb Code    26  stm32f4xx_hal_cortex.o(i.HAL_NVIC_EnableIRQ)
    HAL_NVIC_SetPriority                     0x08001505   Thumb Code    60  stm32f4xx_hal_cortex.o(i.HAL_NVIC_SetPriority)
    HAL_NVIC_SetPriorityGrouping             0x08001545   Thumb Code    26  stm32f4xx_hal_cortex.o(i.HAL_NVIC_SetPriorityGrouping)
    HAL_RCC_ClockConfig                      0x08001569   Thumb Code   288  stm32f4xx_hal_rcc.o(i.HAL_RCC_ClockConfig)
    HAL_RCC_GetPCLK1Freq                     0x0800169d   Thumb Code    20  stm32f4xx_hal_rcc.o(i.HAL_RCC_GetPCLK1Freq)
    HAL_RCC_GetPCLK2Freq                     0x080016bd   Thumb Code    20  stm32f4xx_hal_rcc.o(i.HAL_RCC_GetPCLK2Freq)
    HAL_RCC_GetSysClockFreq                  0x080016dd   Thumb Code    88  stm32f4xx_hal_rcc.o(i.HAL_RCC_GetSysClockFreq)
    HAL_RCC_OscConfig                        0x08001741   Thumb Code   856  stm32f4xx_hal_rcc.o(i.HAL_RCC_OscConfig)
    HAL_SYSTICK_Config                       0x08001aad   Thumb Code    40  stm32f4xx_hal_cortex.o(i.HAL_SYSTICK_Config)
    HAL_TIMEx_BreakCallback                  0x08001ad5   Thumb Code     2  stm32f4xx_hal_tim_ex.o(i.HAL_TIMEx_BreakCallback)
    HAL_TIMEx_CommutCallback                 0x08001ad7   Thumb Code     2  stm32f4xx_hal_tim_ex.o(i.HAL_TIMEx_CommutCallback)
    HAL_TIM_Base_Init                        0x08001ad9   Thumb Code    90  stm32f4xx_hal_tim.o(i.HAL_TIM_Base_Init)
    HAL_TIM_Base_MspInit                     0x08001b35   Thumb Code    50  tim.o(i.HAL_TIM_Base_MspInit)
    HAL_TIM_Base_Start                       0x08001b71   Thumb Code    90  stm32f4xx_hal_tim.o(i.HAL_TIM_Base_Start)
    HAL_TIM_Base_Start_IT                    0x08001be9   Thumb Code   100  stm32f4xx_hal_tim.o(i.HAL_TIM_Base_Start_IT)
    HAL_TIM_ConfigClockSource                0x08001c69   Thumb Code   220  stm32f4xx_hal_tim.o(i.HAL_TIM_ConfigClockSource)
    HAL_TIM_IC_CaptureCallback               0x08001d45   Thumb Code     2  stm32f4xx_hal_tim.o(i.HAL_TIM_IC_CaptureCallback)
    HAL_TIM_IRQHandler                       0x08001d47   Thumb Code   304  stm32f4xx_hal_tim.o(i.HAL_TIM_IRQHandler)
    HAL_TIM_OC_DelayElapsedCallback          0x08001e77   Thumb Code     2  stm32f4xx_hal_tim.o(i.HAL_TIM_OC_DelayElapsedCallback)
    HAL_TIM_PWM_PulseFinishedCallback        0x08001e79   Thumb Code     2  stm32f4xx_hal_tim.o(i.HAL_TIM_PWM_PulseFinishedCallback)
    HAL_TIM_PeriodElapsedCallback            0x08001e7b   Thumb Code     2  main.o(i.HAL_TIM_PeriodElapsedCallback)
    HAL_TIM_TriggerCallback                  0x08001e7d   Thumb Code     2  stm32f4xx_hal_tim.o(i.HAL_TIM_TriggerCallback)
    HAL_UARTEx_RxEventCallback               0x08001e7f   Thumb Code     2  stm32f4xx_hal_uart.o(i.HAL_UARTEx_RxEventCallback)
    HAL_UART_ErrorCallback                   0x08001e81   Thumb Code     2  stm32f4xx_hal_uart.o(i.HAL_UART_ErrorCallback)
    HAL_UART_IRQHandler                      0x08001e85   Thumb Code   618  stm32f4xx_hal_uart.o(i.HAL_UART_IRQHandler)
    HAL_UART_Init                            0x080020f5   Thumb Code   100  stm32f4xx_hal_uart.o(i.HAL_UART_Init)
    HAL_UART_MspInit                         0x08002159   Thumb Code   406  usart.o(i.HAL_UART_MspInit)
    HAL_UART_RxCpltCallback                  0x0800231d   Thumb Code     2  stm32f4xx_hal_uart.o(i.HAL_UART_RxCpltCallback)
    HAL_UART_TxCpltCallback                  0x0800231f   Thumb Code     2  stm32f4xx_hal_uart.o(i.HAL_UART_TxCpltCallback)
    HardFault_Handler                        0x08002321   Thumb Code     2  stm32f4xx_it.o(i.HardFault_Handler)
    MX_CAN1_Init                             0x08002325   Thumb Code    60  can.o(i.MX_CAN1_Init)
    MX_CAN2_Init                             0x08002369   Thumb Code    60  can.o(i.MX_CAN2_Init)
    MX_DMA_Init                              0x080023ad   Thumb Code    72  dma.o(i.MX_DMA_Init)
    MX_FREERTOS_Init                         0x080023f9   Thumb Code   118  freertos.o(i.MX_FREERTOS_Init)
    MX_GPIO_Init                             0x08002479   Thumb Code   150  gpio.o(i.MX_GPIO_Init)
    MX_TIM9_Init                             0x08002519   Thumb Code    70  tim.o(i.MX_TIM9_Init)
    MX_USART1_UART_Init                      0x08002569   Thumb Code    48  usart.o(i.MX_USART1_UART_Init)
    MX_USART3_UART_Init                      0x080025a1   Thumb Code    50  usart.o(i.MX_USART3_UART_Init)
    MX_USART6_UART_Init                      0x080025e1   Thumb Code    48  usart.o(i.MX_USART6_UART_Init)
    MemManage_Handler                        0x08002619   Thumb Code     2  stm32f4xx_it.o(i.MemManage_Handler)
    NMI_Handler                              0x0800261b   Thumb Code     2  stm32f4xx_it.o(i.NMI_Handler)
    PID_calc                                 0x0800261d   Thumb Code   292  pid.o(i.PID_calc)
    PID_clear                                0x08002745   Thumb Code    58  pid.o(i.PID_clear)
    PID_init                                 0x08002785   Thumb Code    88  pid.o(i.PID_init)
    RC_init                                  0x080027e1   Thumb Code    84  bsp_rc.o(i.RC_init)
    StartDefaultTask                         0x08002841   Thumb Code     8  freertos.o(i.StartDefaultTask)
    SysTick_Handler                          0x08002849   Thumb Code    24  stm32f4xx_it.o(i.SysTick_Handler)
    SystemClock_Config                       0x08002861   Thumb Code   140  main.o(i.SystemClock_Config)
    SystemInit                               0x080028f5   Thumb Code    12  system_stm32f4xx.o(i.SystemInit)
    TIM1_BRK_TIM9_IRQHandler                 0x08002905   Thumb Code     6  stm32f4xx_it.o(i.TIM1_BRK_TIM9_IRQHandler)
    TIM_Base_SetConfig                       0x08002911   Thumb Code   170  stm32f4xx_hal_tim.o(i.TIM_Base_SetConfig)
    TIM_ETR_SetConfig                        0x080029e9   Thumb Code    20  stm32f4xx_hal_tim.o(i.TIM_ETR_SetConfig)
    USART1_IRQHandler                        0x08002c81   Thumb Code    38  stm32f4xx_it.o(i.USART1_IRQHandler)
    USART3_IRQHandler                        0x08002cb1   Thumb Code   156  remote_control.o(i.USART3_IRQHandler)
    USART6_IRQHandler                        0x08002d65   Thumb Code    40  stm32f4xx_it.o(i.USART6_IRQHandler)
    UsageFault_Handler                       0x08002d95   Thumb Code     2  stm32f4xx_it.o(i.UsageFault_Handler)
    abs_limit_1                              0x08002db7   Thumb Code    34  gimbal_task.o(i.abs_limit_1)
    bule_led_task                            0x08002dd9   Thumb Code     2  main.o(i.bule_led_task)
    can_filter_init                          0x08002ddd   Thumb Code    80  bsp_can.o(i.can_filter_init)
    get_pitch_gimbal_motor_measure_point     0x08002e35   Thumb Code     4  can_receive.o(i.get_pitch_gimbal_motor_measure_point)
    get_remote_control_point                 0x08002e3d   Thumb Code     4  remote_control.o(i.get_remote_control_point)
    get_yaw_gimbal_motor_measure_point       0x08002e45   Thumb Code     4  can_receive.o(i.get_yaw_gimbal_motor_measure_point)
    gimbal_behaviour_control_set             0x08002f35   Thumb Code    96  gimbal_task.o(i.gimbal_behaviour_control_set)
    gimbal_behaviour_mode_set                0x08002fa9   Thumb Code    38  gimbal_task.o(i.gimbal_behaviour_mode_set)
    gimbal_task                              0x080033a1   Thumb Code   220  gimbal_task.o(i.gimbal_task)
    green_led_task                           0x08003489   Thumb Code    48  main.o(i.green_led_task)
    loop_fp32_constrain                      0x080034d5   Thumb Code    72  gimbal_task.o(i.loop_fp32_constrain)
    main                                     0x0800351d   Thumb Code   114  main.o(i.main)
    osDelay                                  0x080035d9   Thumb Code    14  cmsis_os.o(i.osDelay)
    osKernelStart                            0x080035e7   Thumb Code    10  cmsis_os.o(i.osKernelStart)
    osThreadCreate                           0x080035f1   Thumb Code    84  cmsis_os.o(i.osThreadCreate)
    pvPortMalloc                             0x08003991   Thumb Code   216  heap_4.o(i.pvPortMalloc)
    pxPortInitialiseStack                    0x08003a6d   Thumb Code    40  port.o(i.pxPortInitialiseStack)
    red_led_task                             0x08003a99   Thumb Code     2  main.o(i.red_led_task)
    remote_control_init                      0x08003a9d   Thumb Code    12  remote_control.o(i.remote_control_init)
    uxListRemove                             0x08003b61   Thumb Code    38  list.o(i.uxListRemove)
    vApplicationGetIdleTaskMemory            0x08003b89   Thumb Code    16  freertos.o(i.vApplicationGetIdleTaskMemory)
    vListInitialise                          0x08003b9d   Thumb Code    22  list.o(i.vListInitialise)
    vListInitialiseItem                      0x08003bb3   Thumb Code     6  list.o(i.vListInitialiseItem)
    vListInsert                              0x08003bb9   Thumb Code    48  list.o(i.vListInsert)
    vListInsertEnd                           0x08003be9   Thumb Code    24  list.o(i.vListInsertEnd)
    vPortEnterCritical                       0x08003c01   Thumb Code    54  port.o(i.vPortEnterCritical)
    vPortExitCritical                        0x08003c41   Thumb Code    34  port.o(i.vPortExitCritical)
    vPortFree                                0x08003c69   Thumb Code    94  heap_4.o(i.vPortFree)
    vPortSetupTimerInterrupt                 0x08003ccd   Thumb Code    32  port.o(i.vPortSetupTimerInterrupt)
    vTaskDelay                               0x08003cf1   Thumb Code    66  tasks.o(i.vTaskDelay)
    vTaskStartScheduler                      0x08003d3d   Thumb Code    90  tasks.o(i.vTaskStartScheduler)
    vTaskSuspendAll                          0x08003da9   Thumb Code    10  tasks.o(i.vTaskSuspendAll)
    vTaskSwitchContext                       0x08003db9   Thumb Code    82  tasks.o(i.vTaskSwitchContext)
    xPortStartScheduler                      0x08003e15   Thumb Code   222  port.o(i.xPortStartScheduler)
    xPortSysTickHandler                      0x08003f09   Thumb Code    38  port.o(i.xPortSysTickHandler)
    xTaskCreate                              0x08003f35   Thumb Code    90  tasks.o(i.xTaskCreate)
    xTaskCreateStatic                        0x08003f8f   Thumb Code    86  tasks.o(i.xTaskCreateStatic)
    xTaskGetSchedulerState                   0x08003fe5   Thumb Code    22  tasks.o(i.xTaskGetSchedulerState)
    xTaskIncrementTick                       0x08004001   Thumb Code   194  tasks.o(i.xTaskIncrementTick)
    xTaskResumeAll                           0x080040cd   Thumb Code   182  tasks.o(i.xTaskResumeAll)
    _fp_init                                 0x08004191   Thumb Code    10  fpinit.o(x$fpl$fpinit)
    __fplib_config_fpu_vfp                   0x08004199   Thumb Code     0  fpinit.o(x$fpl$fpinit)
    __fplib_config_pureend_doubles           0x08004199   Thumb Code     0  fpinit.o(x$fpl$fpinit)
    PID_Speed                                0x0800419c   Data          12  main.o(.constdata)
    AHBPrescTable                            0x0800423c   Data          16  system_stm32f4xx.o(.constdata)
    APBPrescTable                            0x0800424c   Data           8  system_stm32f4xx.o(.constdata)
    sinTable_f32                             0x08004254   Data        2052  arm_common_tables.o(.constdata)
    Region$$Table$$Base                      0x08004a90   Number         0  anon$$obj.o(Region$$Table)
    Region$$Table$$Limit                     0x08004ab0   Number         0  anon$$obj.o(Region$$Table)
    seth                                     0x20000000   Data           4  main.o(.data)
    defaultTaskHandle                        0x20000004   Data           4  freertos.o(.data)
    LED_REDHandle                            0x20000008   Data           4  freertos.o(.data)
    LED_GREENHandle                          0x2000000c   Data           4  freertos.o(.data)
    LED_BULEHandle                           0x20000010   Data           4  freertos.o(.data)
    gimbalTaskHandle                         0x20000014   Data           4  freertos.o(.data)
    uwTickFreq                               0x2000001c   Data           1  stm32f4xx_hal.o(.data)
    uwTickPrio                               0x20000020   Data           4  stm32f4xx_hal.o(.data)
    uwTick                                   0x20000024   Data           4  stm32f4xx_hal.o(.data)
    SystemCoreClock                          0x2000003c   Data           4  system_stm32f4xx.o(.data)
    pxCurrentTCB                             0x20000040   Data           4  tasks.o(.data)
    hcan1                                    0x2000030c   Data          40  can.o(.bss)
    hcan2                                    0x20000334   Data          40  can.o(.bss)
    htim9                                    0x2000035c   Data          72  tim.o(.bss)
    huart1                                   0x200003a4   Data          72  usart.o(.bss)
    huart3                                   0x200003ec   Data          72  usart.o(.bss)
    huart6                                   0x20000434   Data          72  usart.o(.bss)
    hdma_usart1_tx                           0x2000047c   Data          96  usart.o(.bss)
    hdma_usart3_rx                           0x200004dc   Data          96  usart.o(.bss)
    rc_ctrl                                  0x200005b4   Data          22  remote_control.o(.bss)
    gimbal_control                           0x20004304   Data         496  gimbal_task.o(.bss)
    __libspace_start                         0x200044f4   Data          96  libspace.o(.bss)
    __temporary_stack_top$libspace           0x20004554   Data           0  libspace.o(.bss)



==============================================================================

Memory Map of the image

  Image Entry point : 0x08000189

  Load Region LR_IROM1 (Base: 0x08000000, Size: 0x00004b68, Max: 0x00100000, ABSOLUTE)

    Execution Region ER_IROM1 (Exec base: 0x08000000, Load base: 0x08000000, Size: 0x00004ab0, Max: 0x00100000, ABSOLUTE)

    Exec Addr    Load Addr    Size         Type   Attr      Idx    E Section Name        Object

    0x08000000   0x08000000   0x00000188   Data   RO            3    RESET               startup_stm32f407xx.o
    0x08000188   0x08000188   0x00000008   Code   RO         5393  * !!!main             c_w.l(__main.o)
    0x08000190   0x08000190   0x00000034   Code   RO         5632    !!!scatter          c_w.l(__scatter.o)
    0x080001c4   0x080001c4   0x0000001a   Code   RO         5634    !!handler_copy      c_w.l(__scatter_copy.o)
    0x080001de   0x080001de   0x00000002   PAD
    0x080001e0   0x080001e0   0x0000001c   Code   RO         5636    !!handler_zi        c_w.l(__scatter_zi.o)
    0x080001fc   0x080001fc   0x00000002   Code   RO         5505    .ARM.Collect$$libinit$$00000000  c_w.l(libinit.o)
    0x080001fe   0x080001fe   0x00000004   Code   RO         5514    .ARM.Collect$$libinit$$00000001  c_w.l(libinit2.o)
    0x08000202   0x08000202   0x00000000   Code   RO         5517    .ARM.Collect$$libinit$$00000004  c_w.l(libinit2.o)
    0x08000202   0x08000202   0x00000000   Code   RO         5520    .ARM.Collect$$libinit$$0000000A  c_w.l(libinit2.o)
    0x08000202   0x08000202   0x00000000   Code   RO         5522    .ARM.Collect$$libinit$$0000000C  c_w.l(libinit2.o)
    0x08000202   0x08000202   0x00000000   Code   RO         5524    .ARM.Collect$$libinit$$0000000E  c_w.l(libinit2.o)
    0x08000202   0x08000202   0x00000000   Code   RO         5527    .ARM.Collect$$libinit$$00000011  c_w.l(libinit2.o)
    0x08000202   0x08000202   0x00000000   Code   RO         5529    .ARM.Collect$$libinit$$00000013  c_w.l(libinit2.o)
    0x08000202   0x08000202   0x00000000   Code   RO         5531    .ARM.Collect$$libinit$$00000015  c_w.l(libinit2.o)
    0x08000202   0x08000202   0x00000000   Code   RO         5533    .ARM.Collect$$libinit$$00000017  c_w.l(libinit2.o)
    0x08000202   0x08000202   0x00000000   Code   RO         5535    .ARM.Collect$$libinit$$00000019  c_w.l(libinit2.o)
    0x08000202   0x08000202   0x00000000   Code   RO         5537    .ARM.Collect$$libinit$$0000001B  c_w.l(libinit2.o)
    0x08000202   0x08000202   0x00000000   Code   RO         5539    .ARM.Collect$$libinit$$0000001D  c_w.l(libinit2.o)
    0x08000202   0x08000202   0x00000000   Code   RO         5541    .ARM.Collect$$libinit$$0000001F  c_w.l(libinit2.o)
    0x08000202   0x08000202   0x00000000   Code   RO         5543    .ARM.Collect$$libinit$$00000021  c_w.l(libinit2.o)
    0x08000202   0x08000202   0x00000000   Code   RO         5545    .ARM.Collect$$libinit$$00000023  c_w.l(libinit2.o)
    0x08000202   0x08000202   0x00000000   Code   RO         5547    .ARM.Collect$$libinit$$00000025  c_w.l(libinit2.o)
    0x08000202   0x08000202   0x00000000   Code   RO         5551    .ARM.Collect$$libinit$$0000002C  c_w.l(libinit2.o)
    0x08000202   0x08000202   0x00000000   Code   RO         5553    .ARM.Collect$$libinit$$0000002E  c_w.l(libinit2.o)
    0x08000202   0x08000202   0x00000000   Code   RO         5555    .ARM.Collect$$libinit$$00000030  c_w.l(libinit2.o)
    0x08000202   0x08000202   0x00000000   Code   RO         5557    .ARM.Collect$$libinit$$00000032  c_w.l(libinit2.o)
    0x08000202   0x08000202   0x00000002   Code   RO         5558    .ARM.Collect$$libinit$$00000033  c_w.l(libinit2.o)
    0x08000204   0x08000204   0x00000002   Code   RO         5589    .ARM.Collect$$libshutdown$$00000000  c_w.l(libshutdown.o)
    0x08000206   0x08000206   0x00000000   Code   RO         5615    .ARM.Collect$$libshutdown$$00000002  c_w.l(libshutdown2.o)
    0x08000206   0x08000206   0x00000000   Code   RO         5617    .ARM.Collect$$libshutdown$$00000004  c_w.l(libshutdown2.o)
    0x08000206   0x08000206   0x00000000   Code   RO         5620    .ARM.Collect$$libshutdown$$00000007  c_w.l(libshutdown2.o)
    0x08000206   0x08000206   0x00000000   Code   RO         5623    .ARM.Collect$$libshutdown$$0000000A  c_w.l(libshutdown2.o)
    0x08000206   0x08000206   0x00000000   Code   RO         5625    .ARM.Collect$$libshutdown$$0000000C  c_w.l(libshutdown2.o)
    0x08000206   0x08000206   0x00000000   Code   RO         5628    .ARM.Collect$$libshutdown$$0000000F  c_w.l(libshutdown2.o)
    0x08000206   0x08000206   0x00000002   Code   RO         5629    .ARM.Collect$$libshutdown$$00000010  c_w.l(libshutdown2.o)
    0x08000208   0x08000208   0x00000000   Code   RO         5429    .ARM.Collect$$rtentry$$00000000  c_w.l(__rtentry.o)
    0x08000208   0x08000208   0x00000000   Code   RO         5462    .ARM.Collect$$rtentry$$00000002  c_w.l(__rtentry2.o)
    0x08000208   0x08000208   0x00000006   Code   RO         5474    .ARM.Collect$$rtentry$$00000004  c_w.l(__rtentry4.o)
    0x0800020e   0x0800020e   0x00000000   Code   RO         5464    .ARM.Collect$$rtentry$$00000009  c_w.l(__rtentry2.o)
    0x0800020e   0x0800020e   0x00000004   Code   RO         5465    .ARM.Collect$$rtentry$$0000000A  c_w.l(__rtentry2.o)
    0x08000212   0x08000212   0x00000000   Code   RO         5467    .ARM.Collect$$rtentry$$0000000C  c_w.l(__rtentry2.o)
    0x08000212   0x08000212   0x00000008   Code   RO         5468    .ARM.Collect$$rtentry$$0000000D  c_w.l(__rtentry2.o)
    0x0800021a   0x0800021a   0x00000002   Code   RO         5506    .ARM.Collect$$rtexit$$00000000  c_w.l(rtexit.o)
    0x0800021c   0x0800021c   0x00000000   Code   RO         5562    .ARM.Collect$$rtexit$$00000002  c_w.l(rtexit2.o)
    0x0800021c   0x0800021c   0x00000004   Code   RO         5563    .ARM.Collect$$rtexit$$00000003  c_w.l(rtexit2.o)
    0x08000220   0x08000220   0x00000006   Code   RO         5564    .ARM.Collect$$rtexit$$00000004  c_w.l(rtexit2.o)
    0x08000226   0x08000226   0x00000002   PAD
    0x08000228   0x08000228   0x000000be   Code   RO         4882    .emb_text           port.o
    0x080002e6   0x080002e6   0x00000002   PAD
    0x080002e8   0x080002e8   0x00000040   Code   RO            4    .text               startup_stm32f407xx.o
    0x08000328   0x08000328   0x00000078   Code   RO         5223    .text               arm_cortexM4lf_math.lib(arm_cos_f32.o)
    0x080003a0   0x080003a0   0x00000074   Code   RO         5276    .text               arm_cortexM4lf_math.lib(arm_sin_f32.o)
    0x08000414   0x08000414   0x000000ee   Code   RO         5381    .text               c_w.l(lludivv7m.o)
    0x08000502   0x08000502   0x00000064   Code   RO         5385    .text               c_w.l(rt_memcpy_w.o)
    0x08000566   0x08000566   0x0000004e   Code   RO         5389    .text               c_w.l(rt_memclr_w.o)
    0x080005b4   0x080005b4   0x00000006   Code   RO         5391    .text               c_w.l(heapauxi.o)
    0x080005ba   0x080005ba   0x00000002   PAD
    0x080005bc   0x080005bc   0x00000008   Code   RO         5489    .text               c_w.l(libspace.o)
    0x080005c4   0x080005c4   0x0000004a   Code   RO         5492    .text               c_w.l(sys_stackheap_outer.o)
    0x0800060e   0x0800060e   0x00000012   Code   RO         5494    .text               c_w.l(exit.o)
    0x08000620   0x08000620   0x0000000c   Code   RO         5559    .text               c_w.l(sys_exit.o)
    0x0800062c   0x0800062c   0x00000002   Code   RO         5578    .text               c_w.l(use_no_semi.o)
    0x0800062e   0x0800062e   0x00000000   Code   RO         5580    .text               c_w.l(indicate_semi.o)
    0x0800062e   0x0800062e   0x00000002   Code   RO          552    i.BusFault_Handler  stm32f4xx_it.o
    0x08000630   0x08000630   0x0000000c   Code   RO          553    i.CAN1_RX0_IRQHandler  stm32f4xx_it.o
    0x0800063c   0x0800063c   0x00000048   Code   RO         3410    i.CAN_cmd_gimbal    can_receive.o
    0x08000684   0x08000684   0x0000000c   Code   RO          554    i.DMA1_Stream1_IRQHandler  stm32f4xx_it.o
    0x08000690   0x08000690   0x0000000c   Code   RO          555    i.DMA2_Stream7_IRQHandler  stm32f4xx_it.o
    0x0800069c   0x0800069c   0x00000028   Code   RO         1369    i.DMA_CalcBaseAndBitshift  stm32f4xx_hal_dma.o
    0x080006c4   0x080006c4   0x00000054   Code   RO         1370    i.DMA_CheckFifoParam  stm32f4xx_hal_dma.o
    0x08000718   0x08000718   0x00000002   Code   RO          556    i.DebugMon_Handler  stm32f4xx_it.o
    0x0800071a   0x0800071a   0x00000004   Code   RO           14    i.Error_Handler     main.o
    0x0800071e   0x0800071e   0x00000024   Code   RO          677    i.HAL_CAN_ActivateNotification  stm32f4xx_hal_can.o
    0x08000742   0x08000742   0x000000bc   Code   RO          678    i.HAL_CAN_AddTxMessage  stm32f4xx_hal_can.o
    0x080007fe   0x080007fe   0x00000002   PAD
    0x08000800   0x08000800   0x0000010c   Code   RO          679    i.HAL_CAN_ConfigFilter  stm32f4xx_hal_can.o
    0x0800090c   0x0800090c   0x00000002   Code   RO          682    i.HAL_CAN_ErrorCallback  stm32f4xx_hal_can.o
    0x0800090e   0x0800090e   0x000000f4   Code   RO          685    i.HAL_CAN_GetRxMessage  stm32f4xx_hal_can.o
    0x08000a02   0x08000a02   0x000001fc   Code   RO          689    i.HAL_CAN_IRQHandler  stm32f4xx_hal_can.o
    0x08000bfe   0x08000bfe   0x0000011a   Code   RO          690    i.HAL_CAN_Init      stm32f4xx_hal_can.o
    0x08000d18   0x08000d18   0x000000f0   Code   RO          384    i.HAL_CAN_MspInit   can.o
    0x08000e08   0x08000e08   0x00000002   Code   RO          697    i.HAL_CAN_RxFifo0FullCallback  stm32f4xx_hal_can.o
    0x08000e0a   0x08000e0a   0x00000002   PAD
    0x08000e0c   0x08000e0c   0x0000005c   Code   RO         3411    i.HAL_CAN_RxFifo0MsgPendingCallback  can_receive.o
    0x08000e68   0x08000e68   0x00000002   Code   RO          699    i.HAL_CAN_RxFifo1FullCallback  stm32f4xx_hal_can.o
    0x08000e6a   0x08000e6a   0x00000002   Code   RO          700    i.HAL_CAN_RxFifo1MsgPendingCallback  stm32f4xx_hal_can.o
    0x08000e6c   0x08000e6c   0x00000002   Code   RO          701    i.HAL_CAN_SleepCallback  stm32f4xx_hal_can.o
    0x08000e6e   0x08000e6e   0x00000002   PAD
    0x08000e70   0x08000e70   0x00000058   Code   RO          702    i.HAL_CAN_Start     stm32f4xx_hal_can.o
    0x08000ec8   0x08000ec8   0x00000002   Code   RO          704    i.HAL_CAN_TxMailbox0AbortCallback  stm32f4xx_hal_can.o
    0x08000eca   0x08000eca   0x00000002   Code   RO          705    i.HAL_CAN_TxMailbox0CompleteCallback  stm32f4xx_hal_can.o
    0x08000ecc   0x08000ecc   0x00000002   Code   RO          706    i.HAL_CAN_TxMailbox1AbortCallback  stm32f4xx_hal_can.o
    0x08000ece   0x08000ece   0x00000002   Code   RO          707    i.HAL_CAN_TxMailbox1CompleteCallback  stm32f4xx_hal_can.o
    0x08000ed0   0x08000ed0   0x00000002   Code   RO          708    i.HAL_CAN_TxMailbox2AbortCallback  stm32f4xx_hal_can.o
    0x08000ed2   0x08000ed2   0x00000002   Code   RO          709    i.HAL_CAN_TxMailbox2CompleteCallback  stm32f4xx_hal_can.o
    0x08000ed4   0x08000ed4   0x00000002   Code   RO          711    i.HAL_CAN_WakeUpFromRxMsgCallback  stm32f4xx_hal_can.o
    0x08000ed6   0x08000ed6   0x00000092   Code   RO         1372    i.HAL_DMA_Abort     stm32f4xx_hal_dma.o
    0x08000f68   0x08000f68   0x00000024   Code   RO         1373    i.HAL_DMA_Abort_IT  stm32f4xx_hal_dma.o
    0x08000f8c   0x08000f8c   0x000001a0   Code   RO         1377    i.HAL_DMA_IRQHandler  stm32f4xx_hal_dma.o
    0x0800112c   0x0800112c   0x000000d4   Code   RO         1378    i.HAL_DMA_Init      stm32f4xx_hal_dma.o
    0x08001200   0x08001200   0x00000024   Code   RO         1797    i.HAL_Delay         stm32f4xx_hal.o
    0x08001224   0x08001224   0x000001f0   Code   RO         1265    i.HAL_GPIO_Init     stm32f4xx_hal_gpio.o
    0x08001414   0x08001414   0x0000000a   Code   RO         1269    i.HAL_GPIO_WritePin  stm32f4xx_hal_gpio.o
    0x0800141e   0x0800141e   0x00000002   PAD
    0x08001420   0x08001420   0x0000000c   Code   RO         1803    i.HAL_GetTick       stm32f4xx_hal.o
    0x0800142c   0x0800142c   0x00000010   Code   RO         1809    i.HAL_IncTick       stm32f4xx_hal.o
    0x0800143c   0x0800143c   0x00000034   Code   RO         1810    i.HAL_Init          stm32f4xx_hal.o
    0x08001470   0x08001470   0x00000040   Code   RO         1811    i.HAL_InitTick      stm32f4xx_hal.o
    0x080014b0   0x080014b0   0x00000038   Code   RO          652    i.HAL_MspInit       stm32f4xx_hal_msp.o
    0x080014e8   0x080014e8   0x0000001a   Code   RO         1655    i.HAL_NVIC_EnableIRQ  stm32f4xx_hal_cortex.o
    0x08001502   0x08001502   0x00000002   PAD
    0x08001504   0x08001504   0x00000040   Code   RO         1661    i.HAL_NVIC_SetPriority  stm32f4xx_hal_cortex.o
    0x08001544   0x08001544   0x00000024   Code   RO         1662    i.HAL_NVIC_SetPriorityGrouping  stm32f4xx_hal_cortex.o
    0x08001568   0x08001568   0x00000134   Code   RO          911    i.HAL_RCC_ClockConfig  stm32f4xx_hal_rcc.o
    0x0800169c   0x0800169c   0x00000020   Code   RO          918    i.HAL_RCC_GetPCLK1Freq  stm32f4xx_hal_rcc.o
    0x080016bc   0x080016bc   0x00000020   Code   RO          919    i.HAL_RCC_GetPCLK2Freq  stm32f4xx_hal_rcc.o
    0x080016dc   0x080016dc   0x00000064   Code   RO          920    i.HAL_RCC_GetSysClockFreq  stm32f4xx_hal_rcc.o
    0x08001740   0x08001740   0x0000036c   Code   RO          923    i.HAL_RCC_OscConfig  stm32f4xx_hal_rcc.o
    0x08001aac   0x08001aac   0x00000028   Code   RO         1666    i.HAL_SYSTICK_Config  stm32f4xx_hal_cortex.o
    0x08001ad4   0x08001ad4   0x00000002   Code   RO         2754    i.HAL_TIMEx_BreakCallback  stm32f4xx_hal_tim_ex.o
    0x08001ad6   0x08001ad6   0x00000002   Code   RO         2755    i.HAL_TIMEx_CommutCallback  stm32f4xx_hal_tim_ex.o
    0x08001ad8   0x08001ad8   0x0000005a   Code   RO         2050    i.HAL_TIM_Base_Init  stm32f4xx_hal_tim.o
    0x08001b32   0x08001b32   0x00000002   PAD
    0x08001b34   0x08001b34   0x0000003c   Code   RO          457    i.HAL_TIM_Base_MspInit  tim.o
    0x08001b70   0x08001b70   0x00000078   Code   RO         2053    i.HAL_TIM_Base_Start  stm32f4xx_hal_tim.o
    0x08001be8   0x08001be8   0x00000080   Code   RO         2055    i.HAL_TIM_Base_Start_IT  stm32f4xx_hal_tim.o
    0x08001c68   0x08001c68   0x000000dc   Code   RO         2059    i.HAL_TIM_ConfigClockSource  stm32f4xx_hal_tim.o
    0x08001d44   0x08001d44   0x00000002   Code   RO         2084    i.HAL_TIM_IC_CaptureCallback  stm32f4xx_hal_tim.o
    0x08001d46   0x08001d46   0x00000130   Code   RO         2098    i.HAL_TIM_IRQHandler  stm32f4xx_hal_tim.o
    0x08001e76   0x08001e76   0x00000002   Code   RO         2101    i.HAL_TIM_OC_DelayElapsedCallback  stm32f4xx_hal_tim.o
    0x08001e78   0x08001e78   0x00000002   Code   RO         2128    i.HAL_TIM_PWM_PulseFinishedCallback  stm32f4xx_hal_tim.o
    0x08001e7a   0x08001e7a   0x00000002   Code   RO           15    i.HAL_TIM_PeriodElapsedCallback  main.o
    0x08001e7c   0x08001e7c   0x00000002   Code   RO         2141    i.HAL_TIM_TriggerCallback  stm32f4xx_hal_tim.o
    0x08001e7e   0x08001e7e   0x00000002   Code   RO         3033    i.HAL_UARTEx_RxEventCallback  stm32f4xx_hal_uart.o
    0x08001e80   0x08001e80   0x00000002   Code   RO         3047    i.HAL_UART_ErrorCallback  stm32f4xx_hal_uart.o
    0x08001e82   0x08001e82   0x00000002   PAD
    0x08001e84   0x08001e84   0x00000270   Code   RO         3050    i.HAL_UART_IRQHandler  stm32f4xx_hal_uart.o
    0x080020f4   0x080020f4   0x00000064   Code   RO         3051    i.HAL_UART_Init     stm32f4xx_hal_uart.o
    0x08002158   0x08002158   0x000001c4   Code   RO          499    i.HAL_UART_MspInit  usart.o
    0x0800231c   0x0800231c   0x00000002   Code   RO         3057    i.HAL_UART_RxCpltCallback  stm32f4xx_hal_uart.o
    0x0800231e   0x0800231e   0x00000002   Code   RO         3062    i.HAL_UART_TxCpltCallback  stm32f4xx_hal_uart.o
    0x08002320   0x08002320   0x00000002   Code   RO          557    i.HardFault_Handler  stm32f4xx_it.o
    0x08002322   0x08002322   0x00000002   PAD
    0x08002324   0x08002324   0x00000044   Code   RO          385    i.MX_CAN1_Init      can.o
    0x08002368   0x08002368   0x00000044   Code   RO          386    i.MX_CAN2_Init      can.o
    0x080023ac   0x080023ac   0x0000004c   Code   RO          432    i.MX_DMA_Init       dma.o
    0x080023f8   0x080023f8   0x00000080   Code   RO          321    i.MX_FREERTOS_Init  freertos.o
    0x08002478   0x08002478   0x000000a0   Code   RO          293    i.MX_GPIO_Init      gpio.o
    0x08002518   0x08002518   0x00000050   Code   RO          458    i.MX_TIM9_Init      tim.o
    0x08002568   0x08002568   0x00000038   Code   RO          500    i.MX_USART1_UART_Init  usart.o
    0x080025a0   0x080025a0   0x00000040   Code   RO          501    i.MX_USART3_UART_Init  usart.o
    0x080025e0   0x080025e0   0x00000038   Code   RO          502    i.MX_USART6_UART_Init  usart.o
    0x08002618   0x08002618   0x00000002   Code   RO          558    i.MemManage_Handler  stm32f4xx_it.o
    0x0800261a   0x0800261a   0x00000002   Code   RO          559    i.NMI_Handler       stm32f4xx_it.o
    0x0800261c   0x0800261c   0x00000128   Code   RO         3480    i.PID_calc          pid.o
    0x08002744   0x08002744   0x00000040   Code   RO         3481    i.PID_clear         pid.o
    0x08002784   0x08002784   0x0000005c   Code   RO         3482    i.PID_init          pid.o
    0x080027e0   0x080027e0   0x00000060   Code   RO         3519    i.RC_init           bsp_rc.o
    0x08002840   0x08002840   0x00000008   Code   RO          322    i.StartDefaultTask  freertos.o
    0x08002848   0x08002848   0x00000018   Code   RO          560    i.SysTick_Handler   stm32f4xx_it.o
    0x08002860   0x08002860   0x00000094   Code   RO           17    i.SystemClock_Config  main.o
    0x080028f4   0x080028f4   0x00000010   Code   RO         3591    i.SystemInit        system_stm32f4xx.o
    0x08002904   0x08002904   0x0000000c   Code   RO          561    i.TIM1_BRK_TIM9_IRQHandler  stm32f4xx_it.o
    0x08002910   0x08002910   0x000000d8   Code   RO         2143    i.TIM_Base_SetConfig  stm32f4xx_hal_tim.o
    0x080029e8   0x080029e8   0x00000014   Code   RO         2154    i.TIM_ETR_SetConfig  stm32f4xx_hal_tim.o
    0x080029fc   0x080029fc   0x00000010   Code   RO         2155    i.TIM_ITRx_SetConfig  stm32f4xx_hal_tim.o
    0x08002a0c   0x08002a0c   0x00000022   Code   RO         2161    i.TIM_TI1_ConfigInputStage  stm32f4xx_hal_tim.o
    0x08002a2e   0x08002a2e   0x00000024   Code   RO         2163    i.TIM_TI2_ConfigInputStage  stm32f4xx_hal_tim.o
    0x08002a52   0x08002a52   0x00000010   Code   RO         3064    i.UART_DMAAbortOnError  stm32f4xx_hal_uart.o
    0x08002a62   0x08002a62   0x0000004e   Code   RO         3074    i.UART_EndRxTransfer  stm32f4xx_hal_uart.o
    0x08002ab0   0x08002ab0   0x000000c2   Code   RO         3076    i.UART_Receive_IT   stm32f4xx_hal_uart.o
    0x08002b72   0x08002b72   0x00000002   PAD
    0x08002b74   0x08002b74   0x0000010c   Code   RO         3077    i.UART_SetConfig    stm32f4xx_hal_uart.o
    0x08002c80   0x08002c80   0x00000030   Code   RO          562    i.USART1_IRQHandler  stm32f4xx_it.o
    0x08002cb0   0x08002cb0   0x000000b4   Code   RO         3544    i.USART3_IRQHandler  remote_control.o
    0x08002d64   0x08002d64   0x00000030   Code   RO          563    i.USART6_IRQHandler  stm32f4xx_it.o
    0x08002d94   0x08002d94   0x00000002   Code   RO          564    i.UsageFault_Handler  stm32f4xx_it.o
    0x08002d96   0x08002d96   0x00000020   Code   RO         1668    i.__NVIC_SetPriority  stm32f4xx_hal_cortex.o
    0x08002db6   0x08002db6   0x00000022   Code   RO         5078    i.abs_limit_1       gimbal_task.o
    0x08002dd8   0x08002dd8   0x00000002   Code   RO           18    i.bule_led_task     main.o
    0x08002dda   0x08002dda   0x00000002   PAD
    0x08002ddc   0x08002ddc   0x00000058   Code   RO         3384    i.can_filter_init   bsp_can.o
    0x08002e34   0x08002e34   0x00000008   Code   RO         3413    i.get_pitch_gimbal_motor_measure_point  can_receive.o
    0x08002e3c   0x08002e3c   0x00000008   Code   RO         3545    i.get_remote_control_point  remote_control.o
    0x08002e44   0x08002e44   0x00000008   Code   RO         3415    i.get_yaw_gimbal_motor_measure_point  can_receive.o
    0x08002e4c   0x08002e4c   0x00000098   Code   RO         5079    i.gimbal_PID_calc   gimbal_task.o
    0x08002ee4   0x08002ee4   0x0000002c   Code   RO         5080    i.gimbal_PID_clear  gimbal_task.o
    0x08002f10   0x08002f10   0x00000024   Code   RO         5081    i.gimbal_PID_init   gimbal_task.o
    0x08002f34   0x08002f34   0x00000074   Code   RO         5082    i.gimbal_behaviour_control_set  gimbal_task.o
    0x08002fa8   0x08002fa8   0x0000002c   Code   RO         5083    i.gimbal_behaviour_mode_set  gimbal_task.o
    0x08002fd4   0x08002fd4   0x00000094   Code   RO         5084    i.gimbal_behavour_set  gimbal_task.o
    0x08003068   0x08003068   0x00000076   Code   RO         5085    i.gimbal_feedback_update  gimbal_task.o
    0x080030de   0x080030de   0x00000002   PAD
    0x080030e0   0x080030e0   0x00000100   Code   RO         5086    i.gimbal_init       gimbal_task.o
    0x080031e0   0x080031e0   0x00000096   Code   RO         5087    i.gimbal_mode_change_control_transit  gimbal_task.o
    0x08003276   0x08003276   0x0000001a   Code   RO         5088    i.gimbal_motor_raw_angle_control  gimbal_task.o
    0x08003290   0x08003290   0x00000040   Code   RO         5089    i.gimbal_motor_relative_angle_control  gimbal_task.o
    0x080032d0   0x080032d0   0x0000009c   Code   RO         5090    i.gimbal_relative_angle_control  gimbal_task.o
    0x0800336c   0x0800336c   0x00000032   Code   RO         5091    i.gimbal_relative_angle_limit  gimbal_task.o
    0x0800339e   0x0800339e   0x00000002   PAD
    0x080033a0   0x080033a0   0x000000e8   Code   RO         5092    i.gimbal_task       gimbal_task.o
    0x08003488   0x08003488   0x0000004c   Code   RO           19    i.green_led_task    main.o
    0x080034d4   0x080034d4   0x00000048   Code   RO         5093    i.loop_fp32_constrain  gimbal_task.o
    0x0800351c   0x0800351c   0x0000007c   Code   RO           20    i.main              main.o
    0x08003598   0x08003598   0x0000000c   Code   RO         4448    i.makeFreeRtosPriority  cmsis_os.o
    0x080035a4   0x080035a4   0x00000034   Code   RO         5094    i.motor_ecd_to_angle_change  gimbal_task.o
    0x080035d8   0x080035d8   0x0000000e   Code   RO         4450    i.osDelay           cmsis_os.o
    0x080035e6   0x080035e6   0x0000000a   Code   RO         4453    i.osKernelStart     cmsis_os.o
    0x080035f0   0x080035f0   0x00000054   Code   RO         4487    i.osThreadCreate    cmsis_os.o
    0x08003644   0x08003644   0x00000070   Code   RO         4124    i.prvAddCurrentTaskToDelayedList  tasks.o
    0x080036b4   0x080036b4   0x000000d0   Code   RO         4125    i.prvAddNewTaskToReadyList  tasks.o
    0x08003784   0x08003784   0x00000034   Code   RO         4126    i.prvDeleteTCB      tasks.o
    0x080037b8   0x080037b8   0x0000004c   Code   RO         4815    i.prvHeapInit       heap_4.o
    0x08003804   0x08003804   0x00000060   Code   RO         4127    i.prvIdleTask       tasks.o
    0x08003864   0x08003864   0x00000098   Code   RO         4128    i.prvInitialiseNewTask  tasks.o
    0x080038fc   0x080038fc   0x0000004c   Code   RO         4816    i.prvInsertBlockIntoFreeList  heap_4.o
    0x08003948   0x08003948   0x00000020   Code   RO         4129    i.prvResetNextTaskUnblockTime  tasks.o
    0x08003968   0x08003968   0x00000028   Code   RO         4883    i.prvTaskExitError  port.o
    0x08003990   0x08003990   0x000000dc   Code   RO         4817    i.pvPortMalloc      heap_4.o
    0x08003a6c   0x08003a6c   0x0000002c   Code   RO         4884    i.pxPortInitialiseStack  port.o
    0x08003a98   0x08003a98   0x00000002   Code   RO           21    i.red_led_task      main.o
    0x08003a9a   0x08003a9a   0x00000002   PAD
    0x08003a9c   0x08003a9c   0x00000010   Code   RO         3546    i.remote_control_init  remote_control.o
    0x08003aac   0x08003aac   0x000000b4   Code   RO         3547    i.sbus_to_rc        remote_control.o
    0x08003b60   0x08003b60   0x00000026   Code   RO         3745    i.uxListRemove      list.o
    0x08003b86   0x08003b86   0x00000002   PAD
    0x08003b88   0x08003b88   0x00000014   Code   RO          325    i.vApplicationGetIdleTaskMemory  freertos.o
    0x08003b9c   0x08003b9c   0x00000016   Code   RO         3746    i.vListInitialise   list.o
    0x08003bb2   0x08003bb2   0x00000006   Code   RO         3747    i.vListInitialiseItem  list.o
    0x08003bb8   0x08003bb8   0x00000030   Code   RO         3748    i.vListInsert       list.o
    0x08003be8   0x08003be8   0x00000018   Code   RO         3749    i.vListInsertEnd    list.o
    0x08003c00   0x08003c00   0x00000040   Code   RO         4886    i.vPortEnterCritical  port.o
    0x08003c40   0x08003c40   0x00000028   Code   RO         4887    i.vPortExitCritical  port.o
    0x08003c68   0x08003c68   0x00000064   Code   RO         4818    i.vPortFree         heap_4.o
    0x08003ccc   0x08003ccc   0x00000024   Code   RO         4888    i.vPortSetupTimerInterrupt  port.o
    0x08003cf0   0x08003cf0   0x0000004c   Code   RO         4138    i.vTaskDelay        tasks.o
    0x08003d3c   0x08003d3c   0x0000006c   Code   RO         4151    i.vTaskStartScheduler  tasks.o
    0x08003da8   0x08003da8   0x00000010   Code   RO         4153    i.vTaskSuspendAll   tasks.o
    0x08003db8   0x08003db8   0x0000005c   Code   RO         4154    i.vTaskSwitchContext  tasks.o
    0x08003e14   0x08003e14   0x000000f4   Code   RO         4890    i.xPortStartScheduler  port.o
    0x08003f08   0x08003f08   0x0000002c   Code   RO         4891    i.xPortSysTickHandler  port.o
    0x08003f34   0x08003f34   0x0000005a   Code   RO         4157    i.xTaskCreate       tasks.o
    0x08003f8e   0x08003f8e   0x00000056   Code   RO         4158    i.xTaskCreateStatic  tasks.o
    0x08003fe4   0x08003fe4   0x0000001c   Code   RO         4162    i.xTaskGetSchedulerState  tasks.o
    0x08004000   0x08004000   0x000000cc   Code   RO         4165    i.xTaskIncrementTick  tasks.o
    0x080040cc   0x080040cc   0x000000c4   Code   RO         4171    i.xTaskResumeAll    tasks.o
    0x08004190   0x08004190   0x0000000a   Code   RO         5574    x$fpl$fpinit        g_wm.l(fpinit.o)
    0x0800419a   0x0800419a   0x00000002   PAD
    0x0800419c   0x0800419c   0x0000000c   Data   RO           23    .constdata          main.o
    0x080041a8   0x080041a8   0x0000008c   Data   RO          327    .constdata          freertos.o
    0x08004234   0x08004234   0x00000008   Data   RO         1384    .constdata          stm32f4xx_hal_dma.o
    0x0800423c   0x0800423c   0x00000010   Data   RO         3592    .constdata          system_stm32f4xx.o
    0x0800424c   0x0800424c   0x00000008   Data   RO         3593    .constdata          system_stm32f4xx.o
    0x08004254   0x08004254   0x00000804   Data   RO         5356    .constdata          arm_cortexM4lf_math.lib(arm_common_tables.o)
    0x08004a58   0x08004a58   0x00000038   Data   RO          328    .conststring        freertos.o
    0x08004a90   0x08004a90   0x00000020   Data   RO         5630    Region$$Table       anon$$obj.o


    Execution Region RW_IRAM1 (Exec base: 0x20000000, Load base: 0x08004ab0, Size: 0x00004b58, Max: 0x0001c000, ABSOLUTE)

    Exec Addr    Load Addr    Size         Type   Attr      Idx    E Section Name        Object

    0x20000000   0x08004ab0   0x00000004   Data   RW           27    .data               main.o
    0x20000004   0x08004ab4   0x00000014   Data   RW          329    .data               freertos.o
    0x20000018   0x08004ac8   0x00000004   Data   RW          388    .data               can.o
    0x2000001c   0x08004acc   0x0000000c   Data   RW         1817    .data               stm32f4xx_hal.o
    0x20000028   0x08004ad8   0x00000011   Data   RW         3417    .data               can_receive.o
    0x20000039   0x08004ae9   0x00000001   PAD
    0x2000003a   0x08004aea   0x00000002   Data   RW         3549    .data               remote_control.o
    0x2000003c   0x08004aec   0x00000004   Data   RW         3594    .data               system_stm32f4xx.o
    0x20000040   0x08004af0   0x0000003c   Data   RW         4174    .data               tasks.o
    0x2000007c   0x08004b2c   0x00000020   Data   RW         4824    .data               heap_4.o
    0x2000009c   0x08004b4c   0x0000000c   Data   RW         4892    .data               port.o
    0x200000a8   0x08004b58   0x00000010   Data   RW         5096    .data               gimbal_task.o
    0x200000b8        -       0x00000254   Zero   RW          326    .bss                freertos.o
    0x2000030c        -       0x00000050   Zero   RW          387    .bss                can.o
    0x2000035c        -       0x00000048   Zero   RW          459    .bss                tim.o
    0x200003a4        -       0x00000198   Zero   RW          503    .bss                usart.o
    0x2000053c        -       0x00000078   Zero   RW         3416    .bss                can_receive.o
    0x200005b4        -       0x0000005e   Zero   RW         3548    .bss                remote_control.o
    0x20000612   0x08004b68   0x00000002   PAD
    0x20000614        -       0x000000f0   Zero   RW         4173    .bss                tasks.o
    0x20000704        -       0x00003c00   Zero   RW         4823    .bss                heap_4.o
    0x20004304        -       0x000001f0   Zero   RW         5095    .bss                gimbal_task.o
    0x200044f4        -       0x00000060   Zero   RW         5490    .bss                c_w.l(libspace.o)
    0x20004554   0x08004b68   0x00000004   PAD
    0x20004558        -       0x00000200   Zero   RW            2    HEAP                startup_stm32f407xx.o
    0x20004758        -       0x00000400   Zero   RW            1    STACK               startup_stm32f407xx.o


    Execution Region RW_IRAM2 (Exec base: 0x2001c000, Load base: 0x08004b68, Size: 0x00000000, Max: 0x00004000, ABSOLUTE)

    **** No section assigned to this execution region ****


==============================================================================

Image component sizes


      Code (inc. data)   RO Data    RW Data    ZI Data      Debug   Object Name

        88          8          0          0          0        586   bsp_can.o
        96         12          0          0          0       1014   bsp_rc.o
       376         42          0          4         80       2538   can.o
       180         30          0         17        120       4029   can_receive.o
         0          0          0          0          0       3372   chassis_task.o
       120          0          0          0          0      23365   cmsis_os.o
        76          4          0          0          0        834   dma.o
         0          0          0          0          0      19148   event_groups.o
       156         14        196         20        596       2856   freertos.o
      1750        118          0         16        496      13162   gimbal_task.o
       160         10          0          0          0       1047   gpio.o
       472         24          0         32      15360       7483   heap_4.o
       138          0          0          0          0       8814   list.o
       358         46         12          4          0     739282   main.o
       452         14          0          0          0       2866   pid.o
       702         72          0         12          0      11080   port.o
       384         32          0          2         94       3091   remote_control.o
        64         26        392          0       1536        844   startup_stm32f407xx.o
       180         28          0         12          0       9473   stm32f4xx_hal.o
      1638          6          0          0          0      14467   stm32f4xx_hal_can.o
       198         14          0          0          0      33871   stm32f4xx_hal_cortex.o
       934         16          8          0          0       5667   stm32f4xx_hal_dma.o
       506         46          0          0          0       2216   stm32f4xx_hal_gpio.o
        56          4          0          0          0        882   stm32f4xx_hal_msp.o
      1348         76          0          0          0       5288   stm32f4xx_hal_rcc.o
      1192        104          0          0          0      11130   stm32f4xx_hal_tim.o
         4          0          0          0          0       1653   stm32f4xx_hal_tim_ex.o
      1288         16          0          0          0       8452   stm32f4xx_hal_uart.o
       180         42          0          0          0       6416   stm32f4xx_it.o
         0          0          0          0          0        392   stream_buffer.o
        16          4         24          4          0       1151   system_stm32f4xx.o
      1548        118          0         60        240      20311   tasks.o
       140         20          0          0         72       1646   tim.o
       628         76          0          0        408       3426   usart.o

    ----------------------------------------------------------------------
     15458       1022        664        184      19004     971852   Object Totals
         0          0         32          0          0          0   (incl. Generated)
        30          0          0          1          2          0   (incl. Padding)

    ----------------------------------------------------------------------

      Code (inc. data)   RO Data    RW Data    ZI Data      Debug   Library Member Name

         0          0       2052          0          0       4636   arm_common_tables.o
       120         12          0          0          0      16970   arm_cos_f32.o
       116         12          0          0          0        658   arm_sin_f32.o
         8          0          0          0          0         68   __main.o
         0          0          0          0          0          0   __rtentry.o
        12          0          0          0          0          0   __rtentry2.o
         6          0          0          0          0          0   __rtentry4.o
        52          8          0          0          0          0   __scatter.o
        26          0          0          0          0          0   __scatter_copy.o
        28          0          0          0          0          0   __scatter_zi.o
        18          0          0          0          0         80   exit.o
         6          0          0          0          0        152   heapauxi.o
         0          0          0          0          0          0   indicate_semi.o
         2          0          0          0          0          0   libinit.o
         6          0          0          0          0          0   libinit2.o
         2          0          0          0          0          0   libshutdown.o
         2          0          0          0          0          0   libshutdown2.o
         8          4          0          0         96         68   libspace.o
       238          0          0          0          0        100   lludivv7m.o
        78          0          0          0          0         80   rt_memclr_w.o
       100          0          0          0          0         80   rt_memcpy_w.o
         2          0          0          0          0          0   rtexit.o
        10          0          0          0          0          0   rtexit2.o
        12          4          0          0          0         68   sys_exit.o
        74          0          0          0          0         80   sys_stackheap_outer.o
         2          0          0          0          0         68   use_no_semi.o
        10          0          0          0          0        116   fpinit.o

    ----------------------------------------------------------------------
       946         40       2052          0        100      23224   Library Totals
         8          0          0          0          4          0   (incl. Padding)

    ----------------------------------------------------------------------

      Code (inc. data)   RO Data    RW Data    ZI Data      Debug   Library Name

       236         24       2052          0          0      22264   arm_cortexM4lf_math.lib
       692         16          0          0         96        844   c_w.l
        10          0          0          0          0        116   g_wm.l

    ----------------------------------------------------------------------
       946         40       2052          0        100      23224   Library Totals

    ----------------------------------------------------------------------

==============================================================================


      Code (inc. data)   RO Data    RW Data    ZI Data      Debug   

     16404       1062       2716        184      19104     978864   Grand Totals
     16404       1062       2716        184      19104     978864   ELF Image Totals
     16404       1062       2716        184          0          0   ROM Totals

==============================================================================

    Total RO  Size (Code + RO Data)                19120 (  18.67kB)
    Total RW  Size (RW Data + ZI Data)             19288 (  18.84kB)
    Total ROM Size (Code + RO Data + RW Data)      19304 (  18.85kB)

==============================================================================

